
> lukemurraynz@0.0.0 build
> docusaurus build

[INFO] [en] Creating an optimized production build...
[info] [webpackbar] Compiling Client
[info] [webpackbar] Compiling Server
[success] [webpackbar] Server: Compiled successfully in 8.77s
[success] [webpackbar] Client: Compiled successfully in 19.88s
[WARNING] Docusaurus found broken links!

Please check the pages of your site in the list below, and make sure you don't reference any path that does not exist.
Note: it's possible to ignore broken links with the 'onBrokenLinks' Docusaurus configuration, and let the build pass.

It looks like some of the broken links we found appear in many pages of your site.
Maybe those broken links appear on all pages through your site layout?
We recommend that you check your theme configuration for such links (particularly, theme navbar and footer).
Frequent broken links are linking to:
- /Tags/
- /Archive/

Exhaustive list of all broken links found:
- Broken link on source page path = /404.html:
   -> linking to /Tags/
   -> linking to /Archive/
- Broken link on source page path = /2012/03/05/56k-modem-strings/:
   -> linking to /Tags/
   -> linking to /Archive/
- Broken link on source page path = /2012/03/05/advpack-not-found/:
   -> linking to /Tags/
   -> linking to /Archive/
- Broken link on source page path = /2012/03/05/amd-data/:
   -> linking to /Tags/
   -> linking to /Archive/
- Broken link on source page path = /2012/03/05/bearshare-opening-in-new-firefox-tab/:
   -> linking to /Tags/
   -> linking to /Archive/
- Broken link on source page path = /2012/03/05/bootmgr/:
   -> linking to /Tags/
   -> linking to /Archive/
- Broken link on source page path = /2012/03/05/brother-5860/:
   -> linking to /Tags/
   -> linking to /Archive/
- Broken link on source page path = /2012/03/05/brother-dcp-110c/:
   -> linking to /Tags/
   -> linking to /Archive/
- Broken link on source page path = /2012/03/05/brother-hl-140/:
   -> linking to /Tags/
   -> linking to /Archive/
- Broken link on source page path = /2012/03/05/brother-hl-2040/:
   -> linking to /Tags/
   -> linking to /Archive/
- Broken link on source page path = /2012/03/05/c0000135-unable-to-locate-component/:
   -> linking to /Tags/
   -> linking to /Archive/
- Broken link on source page path = /2012/03/05/c000021a-fatal-system-error/:
   -> linking to /Tags/
   -> linking to /Archive/
- Broken link on source page path = /2012/03/05/c300_kb_removal/:
   -> linking to /Tags/
   -> linking to /Archive/
- Broken link on source page path = /2012/03/05/canon-ip1200/:
   -> linking to /Tags/
   -> linking to /Archive/
- Broken link on source page path = /2012/03/05/cddvd-stuck-in-an-imac/:
   -> linking to /Tags/
   -> linking to /Archive/
- Broken link on source page path = /2012/03/05/changing-the-aion-english-client-to-korean/:
   -> linking to /Tags/
   -> linking to /Archive/
- Broken link on source page path = /2012/03/05/clear-trash-linux/:
   -> linking to /Tags/
   -> linking to /Archive/
- Broken link on source page path = /2012/03/05/common-antivirus-removal-tools/:
   -> linking to /Tags/
   -> linking to /Archive/
- Broken link on source page path = /2012/03/05/common-computer-boot-beeps/:
   -> linking to /Tags/
   -> linking to /Archive/
- Broken link on source page path = /2012/03/05/contact-blizzard-entertainment/:
   -> linking to /Tags/
   -> linking to /Archive/
- Broken link on source page path = /2012/03/05/cpu-critical-temperatures/:
   -> linking to /Tags/
   -> linking to /Archive/
- Broken link on source page path = /2012/03/05/deactivating-winxp/:
   -> linking to /Tags/
   -> linking to /Archive/
- Broken link on source page path = /2012/03/05/disable-new-hardware-wizard/:
   -> linking to /Tags/
   -> linking to /Archive/
- Broken link on source page path = /2012/03/05/export-import-windows-xp-theme/:
   -> linking to /Tags/
   -> linking to /Archive/
- Broken link on source page path = /2012/03/05/how-to-create-a-windows-xp-picture-screensaver/:
   -> linking to /Tags/
   -> linking to /Archive/
- Broken link on source page path = /2012/03/05/how-to-disable-the-windows-xp-boot-disk/:
   -> linking to /Tags/
   -> linking to /Archive/
- Broken link on source page path = /2012/03/05/how-to-fix-cryptographic-service-error-when-installing-windows-xp-updates/:
   -> linking to /Tags/
   -> linking to /Archive/
- Broken link on source page path = /2012/03/05/howto-guide-to-using-nero-startsmart-to-burn-cds-and-dvds/:
   -> linking to /Tags/
   -> linking to /Archive/
- Broken link on source page path = /2012/03/05/listdir/:
   -> linking to /Tags/
   -> linking to /Archive/
- Broken link on source page path = /2012/03/05/mfc42/:
   -> linking to /Tags/
   -> linking to /Archive/
- Broken link on source page path = /2012/03/05/photoshop_cs4/:
   -> linking to /Tags/
   -> linking to /Archive/
- Broken link on source page path = /2012/03/05/reset-the-waste-ink-counter/:
   -> linking to /Tags/
   -> linking to /Archive/
- Broken link on source page path = /2012/03/05/search_auction_firefox/:
   -> linking to /Tags/
   -> linking to /Archive/
- Broken link on source page path = /2012/03/05/sslsocket/:
   -> linking to /Tags/
   -> linking to /Archive/
- Broken link on source page path = /2012/03/05/stop-0x0000007b0xf78da63c0x00000340x-x00000000x0000000-blue-screen-of-death-windows-xp/:
   -> linking to /Tags/
   -> linking to /Archive/
- Broken link on source page path = /2012/03/05/usisp/:
   -> linking to /Tags/
   -> linking to /Archive/
- Broken link on source page path = /2012/03/05/win_mail_tab/:
   -> linking to /Tags/
   -> linking to /Archive/
- Broken link on source page path = /2012/03/05/win7_logon_back/:
   -> linking to /Tags/
   -> linking to /Archive/
- Broken link on source page path = /2012/03/05/winvistablack/:
   -> linking to /Tags/
   -> linking to /Archive/
- Broken link on source page path = /2012/03/06/epson-aculaser-c1100/:
   -> linking to /Tags/
   -> linking to /Archive/
- Broken link on source page path = /2012/03/06/epson-stylus-rx600-scanner-error-occured-please-see-owners-manual/:
   -> linking to /Tags/
   -> linking to /Archive/
- Broken link on source page path = /2012/03/06/error-bad-base-code-image/:
   -> linking to /Tags/
   -> linking to /Archive/
- Broken link on source page path = /2012/03/06/unblock_apps_winfirewall/:
   -> linking to /Tags/
   -> linking to /Archive/
- Broken link on source page path = /2012/03/06/vinyl-laptop-skins/:
   -> linking to /Tags/
   -> linking to /Archive/
- Broken link on source page path = /2012/03/07/failed-to-install-catalog-files/:
   -> linking to /Tags/
   -> linking to /Archive/
- Broken link on source page path = /2012/03/07/me2_to_me3/:
   -> linking to /Tags/
   -> linking to /Archive/
- Broken link on source page path = /2012/03/08/gateways-recovery-partition/:
   -> linking to /Tags/
   -> linking to /Archive/
- Broken link on source page path = /2012/03/08/virtual-box-failed-trying-without-dkms/:
   -> linking to /Tags/
   -> linking to /Archive/
- Broken link on source page path = /2012/03/09/godaddy-email-settings/:
   -> linking to /Tags/
   -> linking to /Archive/
- Broken link on source page path = /2012/03/09/hal-dll-corruptedmissing-fix/:
   -> linking to /Tags/
   -> linking to /Archive/
- Broken link on source page path = /2012/03/09/how-to-take-snapshots-from-movies/:
   -> linking to /Tags/
   -> linking to /Archive/
- Broken link on source page path = /2012/03/09/imac-beep-codes/:
   -> linking to /Tags/
   -> linking to /Archive/
- Broken link on source page path = /2012/03/12/boot_macbook/:
   -> linking to /Tags/
   -> linking to /Archive/
- Broken link on source page path = /2012/03/12/how-to-access-emachines-recovery-partition/:
   -> linking to /Tags/
   -> linking to /Archive/
- Broken link on source page path = /2012/03/13/enable-keyboard-hotkeys-for-itunes/:
   -> linking to /Tags/
   -> linking to /Archive/
- Broken link on source page path = /2012/03/13/opera_btupload/:
   -> linking to /Tags/
   -> linking to /Archive/
- Broken link on source page path = /2012/03/14/hybserv2-setpath/:
   -> linking to /Tags/
   -> linking to /Archive/
- Broken link on source page path = /2012/03/15/star-wars-the-old-republic-login-service/:
   -> linking to /Tags/
   -> linking to /Archive/
- Broken link on source page path = /2012/03/19/massdel-nokia-n95/:
   -> linking to /Tags/
   -> linking to /Archive/
- Broken link on source page path = /2012/03/20/moshi-commands/:
   -> linking to /Tags/
   -> linking to /Archive/
- Broken link on source page path = /2012/03/21/osx-freezing-accessing-network/:
   -> linking to /Tags/
   -> linking to /Archive/
- Broken link on source page path = /2012/03/21/post-to-facebook-at-the-same-time-as-google/:
   -> linking to /Tags/
   -> linking to /Archive/
- Broken link on source page path = /2012/03/21/word-not-opening/:
   -> linking to /Tags/
   -> linking to /Archive/
- Broken link on source page path = /2012/03/22/how-to-log-out-of-psn-network/:
   -> linking to /Tags/
   -> linking to /Archive/
- Broken link on source page path = /2012/03/22/install-and-switch-winamp/:
   -> linking to /Tags/
   -> linking to /Archive/
- Broken link on source page path = /2012/03/25/logon-process-failed/:
   -> linking to /Tags/
   -> linking to /Archive/
- Broken link on source page path = /2012/03/25/settings-for-new-zealand-internet-service-providers/:
   -> linking to /Tags/
   -> linking to /Archive/
- Broken link on source page path = /2012/03/28/how-to-install-osx-from-a-usb-drive-powerpc/:
   -> linking to /Tags/
   -> linking to /Archive/
- Broken link on source page path = /2012/03/28/installing-deki-wiki-skins/:
   -> linking to /Tags/
   -> linking to /Archive/
- Broken link on source page path = /2012/03/30/gnome-3-ubuntu-11-04/:
   -> linking to /Tags/
   -> linking to /Archive/
- Broken link on source page path = /2012/03/30/how-to-change-your-mac-address-in-linux/:
   -> linking to /Tags/
   -> linking to /Archive/
- Broken link on source page path = /2012/03/30/online-virus-scanner/:
   -> linking to /Tags/
   -> linking to /Archive/
- Broken link on source page path = /2012/03/31/how-to-remove-windows-live-family-safety/:
   -> linking to /Tags/
   -> linking to /Archive/
- Broken link on source page path = /2012/03/31/iatkos-v2-0i-installation/:
   -> linking to /Tags/
   -> linking to /Archive/
- Broken link on source page path = /2012/03/31/igxprd32/:
   -> linking to /Tags/
   -> linking to /Archive/
- Broken link on source page path = /2012/03/31/using-mkvmerge/:
   -> linking to /Tags/
   -> linking to /Archive/
- Broken link on source page path = /2012/04/01/xchat-commands/:
   -> linking to /Tags/
   -> linking to /Archive/
- Broken link on source page path = /2012/04/02/fix-ipad-wifi-issues/:
   -> linking to /Tags/
   -> linking to /Archive/
- Broken link on source page path = /2012/04/04/hp-laserjet-3390-usage-page/:
   -> linking to /Tags/
   -> linking to /Archive/
- Broken link on source page path = /2012/04/04/hp-printer-error-20/:
   -> linking to /Tags/
   -> linking to /Archive/
- Broken link on source page path = /2012/04/04/icons-missing-in-windows-7/:
   -> linking to /Tags/
   -> linking to /Archive/
- Broken link on source page path = /2012/04/04/laptop-stuck-on-zz-light/:
   -> linking to /Tags/
   -> linking to /Archive/
- Broken link on source page path = /2012/04/10/handycafe-homepage-firefox/:
   -> linking to /Tags/
   -> linking to /Archive/
- Broken link on source page path = /2012/04/10/insert-image-into-gmail-post/:
   -> linking to /Tags/
   -> linking to /Archive/
- Broken link on source page path = /2012/04/10/laptop-numbers-instead-of-letters-fix/:
   -> linking to /Tags/
   -> linking to /Archive/
- Broken link on source page path = /2012/04/10/msn-keyport/:
   -> linking to /Tags/
   -> linking to /Archive/
- Broken link on source page path = /2012/04/10/rage-game-save-location/:
   -> linking to /Tags/
   -> linking to /Archive/
- Broken link on source page path = /2012/04/13/gmail-default-mail-client-in-firefox/:
   -> linking to /Tags/
   -> linking to /Archive/
- Broken link on source page path = /2012/04/13/remove-nod32-password/:
   -> linking to /Tags/
   -> linking to /Archive/
- Broken link on source page path = /2012/04/20/print-life-sized-template-google-sketchup/:
   -> linking to /Tags/
   -> linking to /Archive/
- Broken link on source page path = /2012/04/20/repair-windows-xp-activation/:
   -> linking to /Tags/
   -> linking to /Archive/
- Broken link on source page path = /2012/04/26/fedora-no-more-mirrors-error/:
   -> linking to /Tags/
   -> linking to /Archive/
- Broken link on source page path = /2012/04/26/how-to-remove-java-from-osx/:
   -> linking to /Tags/
   -> linking to /Archive/
- Broken link on source page path = /2012/04/26/normalize-audio-vlc/:
   -> linking to /Tags/
   -> linking to /Archive/
- Broken link on source page path = /2012/04/26/skryim-crashes-when-making-new-game-fix/:
   -> linking to /Tags/
   -> linking to /Archive/
- Broken link on source page path = /2012/05/10/android-speedo-app/:
   -> linking to /Tags/
   -> linking to /Archive/
- Broken link on source page path = /2012/05/10/itunes-could-not-connect-to-the-ipod-passcode/:
   -> linking to /Tags/
   -> linking to /Archive/
- Broken link on source page path = /2012/05/10/t-win-xp-format-usbdrive-ntfs/:
   -> linking to /Tags/
   -> linking to /Archive/
- Broken link on source page path = /2012/05/10/wifimax-vista/:
   -> linking to /Tags/
   -> linking to /Archive/
- Broken link on source page path = /2012/05/10/win-3-1-nokia-n95-controls/:
   -> linking to /Tags/
   -> linking to /Archive/
- Broken link on source page path = /2012/05/10/windows-thumb-not-displaying/:
   -> linking to /Tags/
   -> linking to /Archive/
- Broken link on source page path = /2012/05/11/create-a-mapped-network-drive-in-win-7/:
   -> linking to /Tags/
   -> linking to /Archive/
- Broken link on source page path = /2012/05/11/exceeded-your-profile-space-in-win-xp/:
   -> linking to /Tags/
   -> linking to /Archive/
- Broken link on source page path = /2012/05/11/mse-wont-install/:
   -> linking to /Tags/
   -> linking to /Archive/
- Broken link on source page path = /2012/05/11/no-sound-in-adobe-flash-vids/:
   -> linking to /Tags/
   -> linking to /Archive/
- Broken link on source page path = /2012/05/14/brother-drum-light-flashing/:
   -> linking to /Tags/
   -> linking to /Archive/
- Broken link on source page path = /2012/05/14/bsod-win-vista7-netio-sys/:
   -> linking to /Tags/
   -> linking to /Archive/
- Broken link on source page path = /2012/05/15/diablo-3-error-37/:
   -> linking to /Tags/
   -> linking to /Archive/
- Broken link on source page path = /2012/05/16/diablo-3-corrupted-update/:
   -> linking to /Tags/
   -> linking to /Archive/
- Broken link on source page path = /2012/05/16/picasa-3-not-burning-cds/:
   -> linking to /Tags/
   -> linking to /Archive/
- Broken link on source page path = /2012/05/16/set-vlc-to-disable-subtitles-by-default/:
   -> linking to /Tags/
   -> linking to /Archive/
- Broken link on source page path = /2012/05/17/make-your-winxp-desktop-icons-transparent/:
   -> linking to /Tags/
   -> linking to /Archive/
- Broken link on source page path = /2012/05/17/win-media-player-mp3-audio-cd/:
   -> linking to /Tags/
   -> linking to /Archive/
- Broken link on source page path = /2012/05/18/load-needed-dlls-for-kernel/:
   -> linking to /Tags/
   -> linking to /Archive/
- Broken link on source page path = /2012/05/18/remove-the-hp-touchsmart-iq780a-case/:
   -> linking to /Tags/
   -> linking to /Archive/
- Broken link on source page path = /2012/05/18/reset-nvidias-gfx-setting/:
   -> linking to /Tags/
   -> linking to /Archive/
- Broken link on source page path = /2012/05/21/alureon-e-removal/:
   -> linking to /Tags/
   -> linking to /Archive/
- Broken link on source page path = /2012/05/21/disable-wow-langfilter/:
   -> linking to /Tags/
   -> linking to /Archive/
- Broken link on source page path = /2012/05/21/drive-spanning-in-windows/:
   -> linking to /Tags/
   -> linking to /Archive/
- Broken link on source page path = /2012/05/21/how-to-import-sketchup-model-into-zbrush-using-3ds-max/:
   -> linking to /Tags/
   -> linking to /Archive/
- Broken link on source page path = /2012/05/21/skyrim-oculory-focusing-lens-bug/:
   -> linking to /Tags/
   -> linking to /Archive/
- Broken link on source page path = /2012/05/21/windows-vista-modem-connecting/:
   -> linking to /Tags/
   -> linking to /Archive/
- Broken link on source page path = /2012/05/22/web-browser-to-run-proxy/:
   -> linking to /Tags/
   -> linking to /Archive/
- Broken link on source page path = /2012/05/23/google-cheatsheet/:
   -> linking to /Tags/
   -> linking to /Archive/
- Broken link on source page path = /2012/05/28/appsync-on-a-jailbroken-ios-device/:
   -> linking to /Tags/
   -> linking to /Archive/
- Broken link on source page path = /2012/05/28/bsod-win7-imac/:
   -> linking to /Tags/
   -> linking to /Archive/
- Broken link on source page path = /2012/05/28/hp-pavilion-slimline-ramhdd-replacement/:
   -> linking to /Tags/
   -> linking to /Archive/
- Broken link on source page path = /2012/05/29/cant-establish-a-reliable-data-connection-to-the-server/:
   -> linking to /Tags/
   -> linking to /Archive/
- Broken link on source page path = /2012/05/30/how-to-check-your-android-phone-uptime/:
   -> linking to /Tags/
   -> linking to /Archive/
- Broken link on source page path = /2012/05/31/how-to-fix-the-issue-when-the-ps3-dvd-drive-will-not-eject/:
   -> linking to /Tags/
   -> linking to /Archive/
- Broken link on source page path = /2012/05/31/win-unable-to-find-cert-to-log-you-on-to-the-network/:
   -> linking to /Tags/
   -> linking to /Archive/
- Broken link on source page path = /2012/06/03/enable-windows-automatic-updates/:
   -> linking to /Tags/
   -> linking to /Archive/
- Broken link on source page path = /2012/06/06/enable-full-kde-desktop-asus-eeepc/:
   -> linking to /Tags/
   -> linking to /Archive/
- Broken link on source page path = /2012/06/09/how-to-del-your-fm-account/:
   -> linking to /Tags/
   -> linking to /Archive/
- Broken link on source page path = /2012/06/13/using-pastebin-services/:
   -> linking to /Tags/
   -> linking to /Archive/
- Broken link on source page path = /2012/06/15/power-calibration-burn/:
   -> linking to /Tags/
   -> linking to /Archive/
- Broken link on source page path = /2012/06/25/loading-pbr-for-descriptor-2/:
   -> linking to /Tags/
   -> linking to /Archive/
- Broken link on source page path = /2012/07/13/cybera-unlmted-time-on-client-deactivated-on-host/:
   -> linking to /Tags/
   -> linking to /Archive/
- Broken link on source page path = /2012/07/20/predictive-text-on-a-n85/:
   -> linking to /Tags/
   -> linking to /Archive/
- Broken link on source page path = /2012/07/24/ras-entry-creationmodification-error/:
   -> linking to /Tags/
   -> linking to /Archive/
- Broken link on source page path = /2012/08/04/rm-microsoft-groove/:
   -> linking to /Tags/
   -> linking to /Archive/
- Broken link on source page path = /2012/08/05/brothers-mfc-210c/:
   -> linking to /Tags/
   -> linking to /Archive/
- Broken link on source page path = /2012/08/05/getting-instead-of-when-typing/:
   -> linking to /Tags/
   -> linking to /Archive/
- Broken link on source page path = /2012/08/06/rmclock-in-win7/:
   -> linking to /Tags/
   -> linking to /Archive/
- Broken link on source page path = /2012/08/06/winupdate-0x8007043b/:
   -> linking to /Tags/
   -> linking to /Archive/
- Broken link on source page path = /2012/08/14/bandwidth-speed-of-dropbox/:
   -> linking to /Tags/
   -> linking to /Archive/
- Broken link on source page path = /2012/08/14/openoffice-there-is-nothing-to-print/:
   -> linking to /Tags/
   -> linking to /Archive/
- Broken link on source page path = /2012/08/14/windows-live-mailwindows-calendar-0x8e5e0247/:
   -> linking to /Tags/
   -> linking to /Archive/
- Broken link on source page path = /2012/08/15/turning-onoff-windows-7-accessibility-options/:
   -> linking to /Tags/
   -> linking to /Archive/
- Broken link on source page path = /2012/08/20/characters-deleting-in-front-while-typing/:
   -> linking to /Tags/
   -> linking to /Archive/
- Broken link on source page path = /2012/08/20/how-to-get-emailed-hard-drive-status-reports/:
   -> linking to /Tags/
   -> linking to /Archive/
- Broken link on source page path = /2012/08/20/raspberry-pi-media-centre/:
   -> linking to /Tags/
   -> linking to /Archive/
- Broken link on source page path = /2012/08/20/vodafone-nz-apn-settings/:
   -> linking to /Tags/
   -> linking to /Archive/
- Broken link on source page path = /2012/08/20/win-vista-restarts-installing-updates/:
   -> linking to /Tags/
   -> linking to /Archive/
- Broken link on source page path = /2012/08/21/macbook-backlight-to-be-on/:
   -> linking to /Tags/
   -> linking to /Archive/
- Broken link on source page path = /2012/08/21/reset-pram-nvram/:
   -> linking to /Tags/
   -> linking to /Archive/
- Broken link on source page path = /2012/08/22/how-to-run-diablo-2-in-windows-7/:
   -> linking to /Tags/
   -> linking to /Archive/
- Broken link on source page path = /2012/08/22/telecom-t-stickvodafone-vodem-initializing-issues/:
   -> linking to /Tags/
   -> linking to /Archive/
- Broken link on source page path = /2012/08/24/blank-device-manager-in-windows-xp/:
   -> linking to /Tags/
   -> linking to /Archive/
- Broken link on source page path = /2012/08/24/internet-explorer-firefox-webpage-display-issues/:
   -> linking to /Tags/
   -> linking to /Archive/
- Broken link on source page path = /2012/08/24/spotify-crashes-randomly/:
   -> linking to /Tags/
   -> linking to /Archive/
- Broken link on source page path = /2012/08/26/how-to-set-up-your-own-action-bar-in-diablo-3/:
   -> linking to /Tags/
   -> linking to /Archive/
- Broken link on source page path = /2012/08/28/smartsound-quicktracks-plugin/:
   -> linking to /Tags/
   -> linking to /Archive/
- Broken link on source page path = /2012/08/30/how-to-change-windows-live-mail-message-store-location/:
   -> linking to /Tags/
   -> linking to /Archive/
- Broken link on source page path = /2012/08/30/leave-msse-exp-prog/:
   -> linking to /Tags/
   -> linking to /Archive/
- Broken link on source page path = /2012/08/30/link-your-gw1-account-to-gw2/:
   -> linking to /Tags/
   -> linking to /Archive/
- Broken link on source page path = /2012/08/30/spooler-subsystem-app-stopped-working/:
   -> linking to /Tags/
   -> linking to /Archive/
- Broken link on source page path = /2012/08/30/the-application-failed-to-initialize-properly-0x0000135/:
   -> linking to /Tags/
   -> linking to /Archive/
- Broken link on source page path = /2012/08/30/win7-rc-to-retail-upgrade/:
   -> linking to /Tags/
   -> linking to /Archive/
- Broken link on source page path = /2012/08/31/cannot-open-apps-dwnload-from-the-internet/:
   -> linking to /Tags/
   -> linking to /Archive/
- Broken link on source page path = /2012/08/31/scrivener-crashing/:
   -> linking to /Tags/
   -> linking to /Archive/
- Broken link on source page path = /2012/09/03/deposit_gw2_collect/:
   -> linking to /Tags/
   -> linking to /Archive/
- Broken link on source page path = /2012/09/05/disable-the-windows-vistaxp-hotkeys/:
   -> linking to /Tags/
   -> linking to /Archive/
- Broken link on source page path = /2012/09/05/disable-win7/:
   -> linking to /Tags/
   -> linking to /Archive/
- Broken link on source page path = /2012/09/05/increase-internet-explorers-download-limit/:
   -> linking to /Tags/
   -> linking to /Archive/
- Broken link on source page path = /2012/09/05/retrieve-windoffice-keys-from-remote-pc-or-external-hdd/:
   -> linking to /Tags/
   -> linking to /Archive/
- Broken link on source page path = /2012/09/05/search-provider-settings-fix/:
   -> linking to /Tags/
   -> linking to /Archive/
- Broken link on source page path = /2012/09/05/warthogcrash/:
   -> linking to /Tags/
   -> linking to /Archive/
- Broken link on source page path = /2012/09/06/eliminate-period/:
   -> linking to /Tags/
   -> linking to /Archive/
- Broken link on source page path = /2012/09/06/enable-javascript-ie/:
   -> linking to /Tags/
   -> linking to /Archive/
- Broken link on source page path = /2012/09/07/faulting-app-simcitysocieties-exe/:
   -> linking to /Tags/
   -> linking to /Archive/
- Broken link on source page path = /2012/09/13/apple-pages-store/:
   -> linking to /Tags/
   -> linking to /Archive/
- Broken link on source page path = /2012/09/13/ffmpeg-linux-commands/:
   -> linking to /Tags/
   -> linking to /Archive/
- Broken link on source page path = /2012/09/13/howto-install-fonts-in-windows/:
   -> linking to /Tags/
   -> linking to /Archive/
- Broken link on source page path = /2012/09/13/rm-sidebar-ads-on-handycafe-client/:
   -> linking to /Tags/
   -> linking to /Archive/
- Broken link on source page path = /2012/09/13/vodafonenz_accountbal/:
   -> linking to /Tags/
   -> linking to /Archive/
- Broken link on source page path = /2012/09/18/you-do-not-have-enough-permission-to-read-eeepc-xandros-install/:
   -> linking to /Tags/
   -> linking to /Archive/
- Broken link on source page path = /2012/09/25/missing-facebook-ticker/:
   -> linking to /Tags/
   -> linking to /Archive/
- Broken link on source page path = /2012/09/25/ntldr-windows-xp/:
   -> linking to /Tags/
   -> linking to /Archive/
- Broken link on source page path = /2012/09/28/how-to-reset-ventrillo-settings-back-to-default/:
   -> linking to /Tags/
   -> linking to /Archive/
- Broken link on source page path = /2012/09/28/monitor-rotation-wrong/:
   -> linking to /Tags/
   -> linking to /Archive/
- Broken link on source page path = /2012/09/28/sony-tablet-s-not-starting-reset/:
   -> linking to /Tags/
   -> linking to /Archive/
- Broken link on source page path = /2012/09/29/repair-win-boot-loader/:
   -> linking to /Tags/
   -> linking to /Archive/
- Broken link on source page path = /2012/09/30/0x8004ff01/:
   -> linking to /Tags/
   -> linking to /Archive/
- Broken link on source page path = /2012/09/30/backupimport-vivotech-cam-setting/:
   -> linking to /Tags/
   -> linking to /Archive/
- Broken link on source page path = /2012/09/30/blank-webpage-with-win-gen-advantage/:
   -> linking to /Tags/
   -> linking to /Archive/
- Broken link on source page path = /2012/09/30/cannot-delete-slingshot-webmail-quota-filled/:
   -> linking to /Tags/
   -> linking to /Archive/
- Broken link on source page path = /2012/09/30/countdown-app-list-share/:
   -> linking to /Tags/
   -> linking to /Archive/
- Broken link on source page path = /2012/09/30/files-cont-sysms-registry-data-recovered/:
   -> linking to /Tags/
   -> linking to /Archive/
- Broken link on source page path = /2012/09/30/google-apps-mig/:
   -> linking to /Tags/
   -> linking to /Archive/
- Broken link on source page path = /2012/09/30/google-bulk-account-update-read-error/:
   -> linking to /Tags/
   -> linking to /Archive/
- Broken link on source page path = /2012/09/30/google-cal-sync-error-1011/:
   -> linking to /Tags/
   -> linking to /Archive/
- Broken link on source page path = /2012/09/30/green-youtubevid/:
   -> linking to /Tags/
   -> linking to /Archive/
- Broken link on source page path = /2012/09/30/how-to-add-album-art-to-itunes/:
   -> linking to /Tags/
   -> linking to /Archive/
- Broken link on source page path = /2012/09/30/how-to-create-a-password-protected-directory-in-plesk/:
   -> linking to /Tags/
   -> linking to /Archive/
- Broken link on source page path = /2012/09/30/how-to-disable-slingshots-proxy/:
   -> linking to /Tags/
   -> linking to /Archive/
- Broken link on source page path = /2012/09/30/how-to-install-windows-media-centre-in-win8-preview/:
   -> linking to /Tags/
   -> linking to /Archive/
- Broken link on source page path = /2012/09/30/how-to-use-kworld-dvd-maker-2/:
   -> linking to /Tags/
   -> linking to /Archive/
- Broken link on source page path = /2012/09/30/how-to-view-print-count-on-a-sharp-mx-4101n-printer/:
   -> linking to /Tags/
   -> linking to /Archive/
- Broken link on source page path = /2012/09/30/merge-facebook-info-into-google-contacts/:
   -> linking to /Tags/
   -> linking to /Archive/
- Broken link on source page path = /2012/09/30/mnting-failed-with-the-error-protocol-error/:
   -> linking to /Tags/
   -> linking to /Archive/
- Broken link on source page path = /2012/09/30/nav-to-the-webpage-has-been-cancelled/:
   -> linking to /Tags/
   -> linking to /Archive/
- Broken link on source page path = /2012/09/30/network-cat5-wiring-guide/:
   -> linking to /Tags/
   -> linking to /Archive/
- Broken link on source page path = /2012/09/30/no-sound-in-chrome/:
   -> linking to /Tags/
   -> linking to /Archive/
- Broken link on source page path = /2012/09/30/ntdll-dll-windows-explorer/:
   -> linking to /Tags/
   -> linking to /Archive/
- Broken link on source page path = /2012/09/30/out-of-memory-fix-when-upgrading-to-win2000-from-win98se/:
   -> linking to /Tags/
   -> linking to /Archive/
- Broken link on source page path = /2012/09/30/reset-windows-7-security-permissions/:
   -> linking to /Tags/
   -> linking to /Archive/
- Broken link on source page path = /2012/09/30/rm-osx-user-account-password/:
   -> linking to /Tags/
   -> linking to /Archive/
- Broken link on source page path = /2012/09/30/sims-social-hammering7/:
   -> linking to /Tags/
   -> linking to /Archive/
- Broken link on source page path = /2012/09/30/sony-tablet-s-1080-handbrake-settings/:
   -> linking to /Tags/
   -> linking to /Archive/
- Broken link on source page path = /2012/09/30/srv-pack-not-install-revrt-changes/:
   -> linking to /Tags/
   -> linking to /Archive/
- Broken link on source page path = /2012/09/30/stop-sysprep-starting/:
   -> linking to /Tags/
   -> linking to /Archive/
- Broken link on source page path = /2012/09/30/uninstall-cs6-master-collection/:
   -> linking to /Tags/
   -> linking to /Archive/
- Broken link on source page path = /2012/09/30/wwii-battle-tanks-t-34-vs-tiger-crashing/:
   -> linking to /Tags/
   -> linking to /Archive/
- Broken link on source page path = /2012/10/01/brother-dcp-195c-unable-to-print-error-36/:
   -> linking to /Tags/
   -> linking to /Archive/
- Broken link on source page path = /2012/10/01/dns_resolver/:
   -> linking to /Tags/
   -> linking to /Archive/
- Broken link on source page path = /2012/10/01/how-to-rename-multiple-files-in-windows-xp/:
   -> linking to /Tags/
   -> linking to /Archive/
- Broken link on source page path = /2012/10/01/nvlddmkm-sysdxgkrnl-sysdxgmms1-issues/:
   -> linking to /Tags/
   -> linking to /Archive/
- Broken link on source page path = /2012/10/01/pnp-enum-no-sound/:
   -> linking to /Tags/
   -> linking to /Archive/
- Broken link on source page path = /2012/10/02/borderlands-2-xinput1_3-dll/:
   -> linking to /Tags/
   -> linking to /Archive/
- Broken link on source page path = /2012/10/02/google-apps-share-documents-outside-domain/:
   -> linking to /Tags/
   -> linking to /Archive/
- Broken link on source page path = /2012/10/02/how-to-disable-automatic-restarts-in-windows-7-due-to-win-updates/:
   -> linking to /Tags/
   -> linking to /Archive/
- Broken link on source page path = /2012/10/02/ubuntu-netbook/:
   -> linking to /Tags/
   -> linking to /Archive/
- Broken link on source page path = /2012/10/02/vodafone-new-zealand-phone-settings-2/:
   -> linking to /Tags/
   -> linking to /Archive/
- Broken link on source page path = /2012/10/02/x800703f0-installing-vista-sp1/:
   -> linking to /Tags/
   -> linking to /Archive/
- Broken link on source page path = /2012/10/03/setup-commonly-visited-webpage-tab-in-internet-explorer/:
   -> linking to /Tags/
   -> linking to /Archive/
- Broken link on source page path = /2012/10/04/how-to-repair-minda-homeprofessional/:
   -> linking to /Tags/
   -> linking to /Archive/
- Broken link on source page path = /2012/10/04/using-clonezilla-clone-to-image/:
   -> linking to /Tags/
   -> linking to /Archive/
- Broken link on source page path = /2012/10/08/google-apps-how-to-add-pages-to-top-site-header/:
   -> linking to /Tags/
   -> linking to /Archive/
- Broken link on source page path = /2012/10/15/apphangxpro-internet-explorer-9/:
   -> linking to /Tags/
   -> linking to /Archive/
- Broken link on source page path = /2012/10/15/error-921-installing-android-apps/:
   -> linking to /Tags/
   -> linking to /Archive/
- Broken link on source page path = /2012/10/17/kaspersky-rescue-disk-change-update-server-location/:
   -> linking to /Tags/
   -> linking to /Archive/
- Broken link on source page path = /2012/10/18/windows-update-error-66a-or-0x8007066a/:
   -> linking to /Tags/
   -> linking to /Archive/
- Broken link on source page path = /2012/10/23/aspire-one-keyboard-removal/:
   -> linking to /Tags/
   -> linking to /Archive/
- Broken link on source page path = /2012/10/23/asus-recovery-partition/:
   -> linking to /Tags/
   -> linking to /Archive/
- Broken link on source page path = /2012/10/23/how-to-open-a-brother-dp-550cj-printer/:
   -> linking to /Tags/
   -> linking to /Archive/
- Broken link on source page path = /2012/10/24/google-chrome-your-profile-could-not-be-opened-correctly/:
   -> linking to /Tags/
   -> linking to /Archive/
- Broken link on source page path = /2012/10/25/data-is-invalid-fix-for-windows-xp/:
   -> linking to /Tags/
   -> linking to /Archive/
- Broken link on source page path = /2012/10/25/remove-a-toshiba-tecra-m3-keyboard/:
   -> linking to /Tags/
   -> linking to /Archive/
- Broken link on source page path = /2012/10/29/the-network-password-needs-to-be-128-bits-or-256-bits-depending-on-your-network-configuration/:
   -> linking to /Tags/
   -> linking to /Archive/
- Broken link on source page path = /2012/10/31/how-to-create-a-shutdown-shortcut/:
   -> linking to /Tags/
   -> linking to /Archive/
- Broken link on source page path = /2012/11/05/cq57_lcd_replacement/:
   -> linking to /Tags/
   -> linking to /Archive/
- Broken link on source page path = /2012/11/05/how-to-access-a-hp-dv7-hard-drive/:
   -> linking to /Tags/
   -> linking to /Archive/
- Broken link on source page path = /2012/11/05/how-to-import-your-account-settings-into-windows-live-mail/:
   -> linking to /Tags/
   -> linking to /Archive/
- Broken link on source page path = /2012/11/05/how-to-repair-the-windows-xp-boot-loader/:
   -> linking to /Tags/
   -> linking to /Archive/
- Broken link on source page path = /2012/11/06/how-to-access-administrative-tools-windows-server-2012/:
   -> linking to /Tags/
   -> linking to /Archive/
- Broken link on source page path = /2012/11/06/how-to-adjust-the-server-manager-refresh-rate-in-windows-server-2012/:
   -> linking to /Tags/
   -> linking to /Archive/
- Broken link on source page path = /2012/11/06/how-to-disable-password-complexity-requirements-in-windows-server-2012/:
   -> linking to /Tags/
   -> linking to /Archive/
- Broken link on source page path = /2012/11/06/how-to-stop-server-manager-from-starting-on-start-up-in-windows-server-2012/:
   -> linking to /Tags/
   -> linking to /Archive/
- Broken link on source page path = /2012/11/12/excel-add-a-space-in-a-column-of-data/:
   -> linking to /Tags/
   -> linking to /Archive/
- Broken link on source page path = /2012/11/12/the-settings-saved-on-this-computer-do-not-match-the-requirements-of-the-network/:
   -> linking to /Tags/
   -> linking to /Archive/
- Broken link on source page path = /2012/11/13/acronis-snap-deploy-spwizimg-dll-error/:
   -> linking to /Tags/
   -> linking to /Archive/
- Broken link on source page path = /2012/11/13/ubuntu-wireless-is-disabled-by-hardware-switch/:
   -> linking to /Tags/
   -> linking to /Archive/
- Broken link on source page path = /2012/11/26/colour-adjust-sharp-mx-4101n/:
   -> linking to /Tags/
   -> linking to /Archive/
- Broken link on source page path = /2012/12/13/black-screen-during-windows-8-installation/:
   -> linking to /Tags/
   -> linking to /Archive/
- Broken link on source page path = /2012/12/13/change-your-hostname-in-ubuntu/:
   -> linking to /Tags/
   -> linking to /Archive/
- Broken link on source page path = /2012/12/13/metro-2033-this-program-cant-continue-because-physxloader-dll/:
   -> linking to /Tags/
   -> linking to /Archive/
- Broken link on source page path = /2012/12/14/how-to-access-the-hdd-on-a-hp-mini/:
   -> linking to /Tags/
   -> linking to /Archive/
- Broken link on source page path = /2012/12/17/iphoneipod-app-store-is-in-chinese/:
   -> linking to /Tags/
   -> linking to /Archive/
- Broken link on source page path = /2012/12/27/how-to-connect-a-kindle-to-wifi/:
   -> linking to /Tags/
   -> linking to /Archive/
- Broken link on source page path = /2013/01/14/how-to-hide-php-errors-on-a-wordpress-installation/:
   -> linking to /Tags/
   -> linking to /Archive/
- Broken link on source page path = /2013/01/14/how-to-import-a-csv-into-imail/:
   -> linking to /Tags/
   -> linking to /Archive/
- Broken link on source page path = /2013/01/14/ubuntu-out-of-range/:
   -> linking to /Tags/
   -> linking to /Archive/
- Broken link on source page path = /2013/01/15/repair-windows-explorer-start-up/:
   -> linking to /Tags/
   -> linking to /Archive/
- Broken link on source page path = /2013/01/17/shutdown-batch-script/:
   -> linking to /Tags/
   -> linking to /Archive/
- Broken link on source page path = /2013/01/17/windows-update-error-0x800f081f/:
   -> linking to /Tags/
   -> linking to /Archive/
- Broken link on source page path = /2013/01/17/windows-xp-startup-batch-script/:
   -> linking to /Tags/
   -> linking to /Archive/
- Broken link on source page path = /2013/01/31/how-to-rip-audio-from-a-dvd/:
   -> linking to /Tags/
   -> linking to /Archive/
- Broken link on source page path = /2013/02/07/the-messaging-interface-has-returned-an-unknown-error/:
   -> linking to /Tags/
   -> linking to /Archive/
- Broken link on source page path = /2013/02/11/outlook-data-file-cannot-be-accessed/:
   -> linking to /Tags/
   -> linking to /Archive/
- Broken link on source page path = /2013/02/12/windows-mail-not-displaying-contacts/:
   -> linking to /Tags/
   -> linking to /Archive/
- Broken link on source page path = /2013/02/17/how-to-increase-posts-displayed-in-wordpress-all-post-page/:
   -> linking to /Tags/
   -> linking to /Archive/
- Broken link on source page path = /2013/02/19/visualhtml-editor-stuck-in-wordpress/:
   -> linking to /Tags/
   -> linking to /Archive/
- Broken link on source page path = /2013/02/23/booting-into-recovery-partition-instead-of-operating-system/:
   -> linking to /Tags/
   -> linking to /Archive/
- Broken link on source page path = /2013/02/23/how-to-boot-into-a-cddvd-on-a-imacmacbook/:
   -> linking to /Tags/
   -> linking to /Archive/
- Broken link on source page path = /2013/02/23/network-map-windows-startup-script/:
   -> linking to /Tags/
   -> linking to /Archive/
- Broken link on source page path = /2013/02/25/using-phpmyadmin-to-remove-wordpress-posts/:
   -> linking to /Tags/
   -> linking to /Archive/
- Broken link on source page path = /2013/02/25/windows-vista-memory-management-blue-screen-of-death/:
   -> linking to /Tags/
   -> linking to /Archive/
- Broken link on source page path = /2013/02/26/restore-your-iphoneipadipod-touch-firmware/:
   -> linking to /Tags/
   -> linking to /Archive/
- Broken link on source page path = /2013/03/19/picasa-upload-a-photo-using-browser-uploaded/:
   -> linking to /Tags/
   -> linking to /Archive/
- Broken link on source page path = /2013/03/29/forcefully-remove-wordpress-posts-using-phpmyadmin/:
   -> linking to /Tags/
   -> linking to /Archive/
- Broken link on source page path = /2013/03/29/how-to-boot-from-cddvd-on-an-imac/:
   -> linking to /Tags/
   -> linking to /Archive/
- Broken link on source page path = /2013/05/04/how-to-redeem-neverwinter-keys/:
   -> linking to /Tags/
   -> linking to /Archive/
- Broken link on source page path = /2013/05/15/swypes4/:
   -> linking to /Tags/
   -> linking to /Archive/
- Broken link on source page path = /2013/12/01/excel-2010-adjusting-trusted-publishers-and-macrovisual-basic-scripting/:
   -> linking to /Tags/
   -> linking to /Archive/
- Broken link on source page path = /2013/12/01/how-to-adjust-line-spacing-in-word-2010/:
   -> linking to /Tags/
   -> linking to /Archive/
- Broken link on source page path = /2013/12/02/configure-ricoh-printers-to-use-dhcp/:
   -> linking to /Tags/
   -> linking to /Archive/
- Broken link on source page path = /2013/12/02/how-to-lock-a-workstation-in-a-remote-desktop-session/:
   -> linking to /Tags/
   -> linking to /Archive/
- Broken link on source page path = /2013/12/02/unable-to-load-client-print-control-error-in-windows-xp/:
   -> linking to /Tags/
   -> linking to /Archive/
- Broken link on source page path = /2013/12/03/outlook-2010-cannot-process-rss-feed/:
   -> linking to /Tags/
   -> linking to /Archive/
- Broken link on source page path = /2013/12/04/drobo-detected-an-internal-error/:
   -> linking to /Tags/
   -> linking to /Archive/
- Broken link on source page path = /2013/12/05/dishonored-black-screen-during-game-start-up/:
   -> linking to /Tags/
   -> linking to /Archive/
- Broken link on source page path = /2013/12/08/how-to-get-an-android-mobile-device-on-the-tor-network/:
   -> linking to /Tags/
   -> linking to /Archive/
- Broken link on source page path = /2013/12/08/vmware-certified-associate-vca-exam-code/:
   -> linking to /Tags/
   -> linking to /Archive/
- Broken link on source page path = /2013/12/11/how-to-create-an-ssh-tunnel-with-putty/:
   -> linking to /Tags/
   -> linking to /Archive/
- Broken link on source page path = /2013/12/11/how-to-setup-virtual-desktops-in-windows/:
   -> linking to /Tags/
   -> linking to /Archive/
- Broken link on source page path = /2013/12/17/how-to-install-google-apps-onto-cyanogenmod/:
   -> linking to /Tags/
   -> linking to /Archive/
- Broken link on source page path = /2013/12/17/how-to-repair-an-app-v-application/:
   -> linking to /Tags/
   -> linking to /Archive/
- Broken link on source page path = /2013/12/17/reset-windows-78-firewall-to-its-default-state/:
   -> linking to /Tags/
   -> linking to /Archive/
- Broken link on source page path = /2013/12/18/how-to-add-users-to-remote-computers-local-administrators-groups/:
   -> linking to /Tags/
   -> linking to /Archive/
- Broken link on source page path = /2013/12/18/how-to-setup-delegation-in-vmware-service-manager/:
   -> linking to /Tags/
   -> linking to /Archive/
- Broken link on source page path = /2013/12/18/remove-unused-user-profiles-on-a-remote-win-pc/:
   -> linking to /Tags/
   -> linking to /Archive/
- Broken link on source page path = /2013/12/20/free-internet-explorer-development-virtual-machines/:
   -> linking to /Tags/
   -> linking to /Archive/
- Broken link on source page path = /2013/12/20/how-to-remove-applications-from-the-application-list-on-the-play-store/:
   -> linking to /Tags/
   -> linking to /Archive/
- Broken link on source page path = /2013/12/20/windows-server-2012-convert-core-installation-to-full-gui-installation/:
   -> linking to /Tags/
   -> linking to /Archive/
- Broken link on source page path = /2013/12/20/windows-vista-not-loading-control-panel/:
   -> linking to /Tags/
   -> linking to /Archive/
- Broken link on source page path = /2013/12/23/flex-using-self-support-to-restore-users-preferences/:
   -> linking to /Tags/
   -> linking to /Archive/
- Broken link on source page path = /2013/12/23/lync-2013-turn-on-event-logging-for-windows-event-viewer/:
   -> linking to /Tags/
   -> linking to /Archive/
- Broken link on source page path = /2013/12/23/windows-7-authentication-prompt-for-cached-credentials-in-a-domain-environment/:
   -> linking to /Tags/
   -> linking to /Archive/
- Broken link on source page path = /2013/12/23/windows-7-how-to-delete-users-profiles/:
   -> linking to /Tags/
   -> linking to /Archive/
- Broken link on source page path = /2014/01/01/ubuntu-how-to-do-a-distribution-upgrade/:
   -> linking to /Tags/
   -> linking to /Archive/
- Broken link on source page path = /2014/01/02/outlook-2010-how-to-find-your-exchange-address/:
   -> linking to /Tags/
   -> linking to /Archive/
- Broken link on source page path = /2014/01/02/vmware-workstation-how-to-share-a-folder-with-a-virtual-machine/:
   -> linking to /Tags/
   -> linking to /Archive/
- Broken link on source page path = /2014/01/07/surface-pro-how-to-install-hyper-v/:
   -> linking to /Tags/
   -> linking to /Archive/
- Broken link on source page path = /2014/01/08/my-thoughts-on-razers-project-christine/:
   -> linking to /Tags/
   -> linking to /Archive/
- Broken link on source page path = /2014/01/09/vmware-service-manager-how-to-setup-watched-calls/:
   -> linking to /Tags/
   -> linking to /Archive/
- Broken link on source page path = /2014/01/12/help-manual-how-to-publish-to-epub/:
   -> linking to /Tags/
   -> linking to /Archive/
- Broken link on source page path = /2014/01/13/the-differences-between-hosted-distributed-branchcache/:
   -> linking to /Tags/
   -> linking to /Archive/
- Broken link on source page path = /2014/01/26/how-to-wol-an-entire-ip-range/:
   -> linking to /Tags/
   -> linking to /Archive/
- Broken link on source page path = /2014/01/26/parental-control-on-a-tp-link/:
   -> linking to /Tags/
   -> linking to /Archive/
- Broken link on source page path = /2014/01/26/samsung-tv-blinking-red-lights/:
   -> linking to /Tags/
   -> linking to /Archive/
- Broken link on source page path = /2014/02/23/guide-to-using-hyper-v/:
   -> linking to /Tags/
   -> linking to /Archive/
- Broken link on source page path = /2014/02/28/onenote-2013-convert-handwriting-to-text/:
   -> linking to /Tags/
   -> linking to /Archive/
- Broken link on source page path = /2014/03/01/how-to-delete-autocomplete-entries-in-chrome/:
   -> linking to /Tags/
   -> linking to /Archive/
- Broken link on source page path = /2014/03/01/how-to-make-ios-7-easier-to-read/:
   -> linking to /Tags/
   -> linking to /Archive/
- Broken link on source page path = /2014/03/01/how-to-re-enable-gadgets-in-windows-7/:
   -> linking to /Tags/
   -> linking to /Archive/
- Broken link on source page path = /2014/03/06/how-to-mount-a-vhd-in-windows-7/:
   -> linking to /Tags/
   -> linking to /Archive/
- Broken link on source page path = /2014/03/23/filebot-is-removing-media-file-extensions/:
   -> linking to /Tags/
   -> linking to /Archive/
- Broken link on source page path = /2014/03/25/user-accounts-from-win7-registry-after-being-incorrectly-removed/:
   -> linking to /Tags/
   -> linking to /Archive/
- Broken link on source page path = /2014/03/27/clear-print-queue-from-printer-installer/:
   -> linking to /Tags/
   -> linking to /Archive/
- Broken link on source page path = /2014/03/28/net-framework-not-installing-through-sccm/:
   -> linking to /Tags/
   -> linking to /Archive/
- Broken link on source page path = /2014/03/28/unable-to-right-click-in-microsoft-excel/:
   -> linking to /Tags/
   -> linking to /Archive/
- Broken link on source page path = /2014/03/28/windows-server-2012-this-computers-hardware-may-not-support-booting-to-this-disk/:
   -> linking to /Tags/
   -> linking to /Archive/
- Broken link on source page path = /2014/03/30/outlook-2010-people-pane-not-showing-information/:
   -> linking to /Tags/
   -> linking to /Archive/
- Broken link on source page path = /2014/04/05/how-to-point-active-directory-administrative-center-to-another-domain-in-server-2012/:
   -> linking to /Tags/
   -> linking to /Archive/
- Broken link on source page path = /2014/04/20/acronis-2014-how-to-set-compression-level/:
   -> linking to /Tags/
   -> linking to /Archive/
- Broken link on source page path = /2014/04/20/acronis-2014-how-to-setup-email-notifications/:
   -> linking to /Tags/
   -> linking to /Archive/
- Broken link on source page path = /2014/04/20/acronis-2014-validating-backup-archive/:
   -> linking to /Tags/
   -> linking to /Archive/
- Broken link on source page path = /2014/04/20/common-itil-abbreviations/:
   -> linking to /Tags/
   -> linking to /Archive/
- Broken link on source page path = /2014/04/20/connecting-osx-10-9-to-active-directory/:
   -> linking to /Tags/
   -> linking to /Archive/
- Broken link on source page path = /2014/04/20/how-to-add-videos-on-windows-media-center/:
   -> linking to /Tags/
   -> linking to /Archive/
- Broken link on source page path = /2014/04/20/lync-in-windows-8/:
   -> linking to /Tags/
   -> linking to /Archive/
- Broken link on source page path = /2014/04/20/setup-exchange-email-account-on-mac/:
   -> linking to /Tags/
   -> linking to /Archive/
- Broken link on source page path = /2014/04/20/share-files-on-a-mac-with-windows/:
   -> linking to /Tags/
   -> linking to /Archive/
- Broken link on source page path = /2014/04/20/update-caching-on-osx-server/:
   -> linking to /Tags/
   -> linking to /Archive/
- Broken link on source page path = /2014/04/21/lync-server-control-panel-is-blank/:
   -> linking to /Tags/
   -> linking to /Archive/
- Broken link on source page path = /2014/04/25/reset-nokia-windows-phone/:
   -> linking to /Tags/
   -> linking to /Archive/
- Broken link on source page path = /2014/04/27/finding-a-mac-address-pxe/:
   -> linking to /Tags/
   -> linking to /Archive/
- Broken link on source page path = /2014/04/27/how-to-access-the-ricoh-printer-maintenance-shell/:
   -> linking to /Tags/
   -> linking to /Archive/
- Broken link on source page path = /2014/04/27/java-security-settings/:
   -> linking to /Tags/
   -> linking to /Archive/
- Broken link on source page path = /2014/04/27/meeting-requests-in-outlook/:
   -> linking to /Tags/
   -> linking to /Archive/
- Broken link on source page path = /2014/04/27/optimal-taleo-settings/:
   -> linking to /Tags/
   -> linking to /Archive/
- Broken link on source page path = /2014/04/27/remote-assist-xenapp-users/:
   -> linking to /Tags/
   -> linking to /Archive/
- Broken link on source page path = /2014/04/27/unable-to-remote-desktop-into-computer/:
   -> linking to /Tags/
   -> linking to /Archive/
- Broken link on source page path = /2014/04/27/windows-cannot-connect-to-the-domain/:
   -> linking to /Tags/
   -> linking to /Archive/
- Broken link on source page path = /2014/04/28/administrative-tools-windows-8/:
   -> linking to /Tags/
   -> linking to /Archive/
- Broken link on source page path = /2014/04/28/create-vhd-windows-7/:
   -> linking to /Tags/
   -> linking to /Archive/
- Broken link on source page path = /2014/04/28/enable-numlock-windows8/:
   -> linking to /Tags/
   -> linking to /Archive/
- Broken link on source page path = /2014/04/28/user-photo-in-windows-8/:
   -> linking to /Tags/
   -> linking to /Archive/
- Broken link on source page path = /2014/04/28/windows-8-hotkeys/:
   -> linking to /Tags/
   -> linking to /Archive/
- Broken link on source page path = /2014/04/28/windows-networking-protocols-uses/:
   -> linking to /Tags/
   -> linking to /Archive/
- Broken link on source page path = /2014/05/17/reset-the-surface-rt/:
   -> linking to /Tags/
   -> linking to /Archive/
- Broken link on source page path = /2014/05/17/thunderbolt-driver-win8/:
   -> linking to /Tags/
   -> linking to /Archive/
- Broken link on source page path = /2014/05/18/common-protocols-and-their-ports/:
   -> linking to /Tags/
   -> linking to /Archive/
- Broken link on source page path = /2014/05/20/using-exchange-automatically-accept-meeting-requests/:
   -> linking to /Tags/
   -> linking to /Archive/
- Broken link on source page path = /2014/06/02/wildstar-install-addons/:
   -> linking to /Tags/
   -> linking to /Archive/
- Broken link on source page path = /2014/06/03/wildstar-client-version-match-game-server-version/:
   -> linking to /Tags/
   -> linking to /Archive/
- Broken link on source page path = /2014/06/26/refresh-printer-installer-configuration-workstation/:
   -> linking to /Tags/
   -> linking to /Archive/
- Broken link on source page path = /2014/07/01/clear-local-workstations-group-policy-cache/:
   -> linking to /Tags/
   -> linking to /Archive/
- Broken link on source page path = /2014/07/08/lync-address-book/:
   -> linking to /Tags/
   -> linking to /Archive/
- Broken link on source page path = /2014/07/14/enterprise-vault-archive-explorer-blank/:
   -> linking to /Tags/
   -> linking to /Archive/
- Broken link on source page path = /2014/08/06/schedule-windows-memory-diagnostic-to-start/:
   -> linking to /Tags/
   -> linking to /Archive/
- Broken link on source page path = /2014/09/01/what-antivirus-should-i-get-for-my-computer/:
   -> linking to /Tags/
   -> linking to /Archive/
- Broken link on source page path = /2014/09/06/how-to-install-telnet-client-on-windows-7/:
   -> linking to /Tags/
   -> linking to /Archive/
- Broken link on source page path = /2014/09/06/how-to-see-what-users-are-currently-logged-into-a-windows-system/:
   -> linking to /Tags/
   -> linking to /Archive/
- Broken link on source page path = /2014/09/10/configure-active-directory-delegation-allow-users-move-computers-ous/:
   -> linking to /Tags/
   -> linking to /Archive/
- Broken link on source page path = /2014/10/02/windows-10-technical-switch-start-menu-start-screen/:
   -> linking to /Tags/
   -> linking to /Archive/
- Broken link on source page path = /2015/01/02/disable-internet-explorer-enhanced-security-windows-server-2012-r2/:
   -> linking to /Tags/
   -> linking to /Archive/
- Broken link on source page path = /2015/01/22/install-net-framework-3-5-windows-server-2012-windows-server-2012-r2/:
   -> linking to /Tags/
   -> linking to /Archive/
- Broken link on source page path = /2016/03/06/hyper-v-2012-r2-intel-nuc-nuc5i7ryh/:
   -> linking to /Tags/
   -> linking to /Archive/
- Broken link on source page path = /2016/04/30/using-powershell-setup-automatic-logon-windows-servers/:
   -> linking to /Tags/
   -> linking to /Archive/
- Broken link on source page path = /2016/10/29/microsoft-ignite-nz-2016-what-a-blast/:
   -> linking to /Tags/
   -> linking to /Archive/
- Broken link on source page path = /2016/12/13/upgrade-mdt-2013-mdt-current-branch/:
   -> linking to /Tags/
   -> linking to /Archive/
- Broken link on source page path = /2016/12/28/database-error-making-changes-dhcp-reservations/:
   -> linking to /Tags/
   -> linking to /Archive/
- Broken link on source page path = /2017/01/01/stuck-black-screen-connecting-vcloud-console/:
   -> linking to /Tags/
   -> linking to /Archive/
- Broken link on source page path = /2018/06/10/Using PowerShell to connect to Azure/:
   -> linking to /Tags/
   -> linking to /Archive/
- Broken link on source page path = /2018/06/11/dfs-namespace-service-not-starting-reboot/:
   -> linking to /Tags/
   -> linking to /Archive/
- Broken link on source page path = /2018/12/19/How to manage cost in Microsoft Azure/:
   -> linking to /Tags/
   -> linking to /Archive/
- Broken link on source page path = /2019/09/08/Update your Azure Local Network Gateway IP with PowerShell/:
   -> linking to /Tags/
   -> linking to /Archive/
- Broken link on source page path = /2020/02/29/First look at Universal Automation Desktop/:
   -> linking to /Tags/
   -> linking to /Archive/
- Broken link on source page path = /2021/03/25/installing-the-rsat-remote-server-administration-tools-for-windows-10-tools-using-powershell/:
   -> linking to /Tags/
   -> linking to /Archive/
- Broken link on source page path = /2021/03/25/unable-to-start-windows-azure-guest-agent-it-s-in-a-disabled-state./:
   -> linking to /Tags/
   -> linking to /Archive/
- Broken link on source page path = /2021/03/26/allow-azure-devops-microsoft-hosted-agent-to-communicate-with-azure-keyvault/:
   -> linking to /Tags/
   -> linking to /Archive/
- Broken link on source page path = /2021/03/26/failed-to-delete-the-private-endpoint.error-call-to-microsoft.storage-storageaccounts-failed/:
   -> linking to /Tags/
   -> linking to /Archive/
- Broken link on source page path = /2021/03/26/the-cloud-frame-of-mind/:
   -> linking to /Tags/
   -> linking to /Archive/
- Broken link on source page path = /2021/03/29/azure-active-directory-recommendations/:
   -> linking to /Tags/
   -> linking to /Archive/
- Broken link on source page path = /2021/03/30/microsoft-teams-recommendations/:
   -> linking to /Tags/
   -> linking to /Archive/
- Broken link on source page path = /2021/04/03/keep-up-to-date-with-latest-changes-on-azure-using-powershell/:
   -> linking to /Tags/
   -> linking to /Archive/
- Broken link on source page path = /2021/04/09/azure-resource-graph-explorer-and-the-powershell-azure-resource-graph/:
   -> linking to /Tags/
   -> linking to /Archive/
- Broken link on source page path = /2021/04/18/azure-devops-and-creating-your-cloud-adoption-framework/:
   -> linking to /Tags/
   -> linking to /Archive/
- Broken link on source page path = /2021/04/23/azure-blob-and-azure-lifecycle-management/:
   -> linking to /Tags/
   -> linking to /Archive/
- Broken link on source page path = /2021/05/08/full-end-to-end-encryption-on-an-azure-webapp-using-cloudflare/:
   -> linking to /Tags/
   -> linking to /Archive/
- Broken link on source page path = /2021/05/09/run-powershell-app-deployment-toolkit-in-datto-rmm/:
   -> linking to /Tags/
   -> linking to /Archive/
- Broken link on source page path = /2021/06/13/add-log-analytics-workspace-to-microsoft-monitoring-agent-via-powershell/:
   -> linking to /Tags/
   -> linking to /Archive/
- Broken link on source page path = /2021/06/18/remove-old-powershell-modules-versions-using-powershell/:
   -> linking to /Tags/
   -> linking to /Archive/
- Broken link on source page path = /2021/06/27/create-a-azure-virtual-desktop-farm/:
   -> linking to /Tags/
   -> linking to /Archive/
- Broken link on source page path = /2021/07/03/start-vm-on-connect-for-azure-virtual-desktop/:
   -> linking to /Tags/
   -> linking to /Archive/
- Broken link on source page path = /2021/07/05/add-shortcut-to-azure-virtual-desktop-in-the-microsoft-365-waffle/:
   -> linking to /Tags/
   -> linking to /Archive/
- Broken link on source page path = /2021/07/06/create-custom-roles-for-microsoft-azure/:
   -> linking to /Tags/
   -> linking to /Archive/
- Broken link on source page path = /2021/07/10/configure-azure-virtual-desktop-monitoring-insights/:
   -> linking to /Tags/
   -> linking to /Archive/
- Broken link on source page path = /2021/07/10/how-to-create-a-free-log-analytics-workspace/:
   -> linking to /Tags/
   -> linking to /Archive/
- Broken link on source page path = /2021/07/10/how-to-set-a-log-analytics-data-cap/:
   -> linking to /Tags/
   -> linking to /Archive/
- Broken link on source page path = /2021/07/13/validate-that-your-azure-resources-are-deployed-per-the-well-architected-framework/:
   -> linking to /Tags/
   -> linking to /Archive/
- Broken link on source page path = /2021/07/18/implement-webjea-for-self-service-azure-resource-creation-with-powershell/:
   -> linking to /Tags/
   -> linking to /Archive/
- Broken link on source page path = /2021/08/21/update-admpwdadschema-the-requested-attribute-does-not-exist/:
   -> linking to /Tags/
   -> linking to /Archive/
- Broken link on source page path = /2021/08/25/always-on-vpn-error-809-the-network-connection-between-your-computer-and-the-vpn-server-could-not-be-established/:
   -> linking to /Tags/
   -> linking to /Archive/
- Broken link on source page path = /2021/10/28/benefits-to-using-the-microsoft-azure-cloud-to-host-your-infrastructure/:
   -> linking to /Tags/
   -> linking to /Archive/
- Broken link on source page path = /2021/12/03/azure-nat-gateway/:
   -> linking to /Tags/
   -> linking to /Archive/
- Broken link on source page path = /2021/12/11/cloud-adoption-framework-for-azure/:
   -> linking to /Tags/
   -> linking to /Archive/
- Broken link on source page path = /2021/12/29/day-in-the-life-of-a-tech-lead/:
   -> linking to /Tags/
   -> linking to /Archive/
- Broken link on source page path = /2021/12/30/git-using-github-desktop-on-windows-for-sysadmins/:
   -> linking to /Tags/
   -> linking to /Archive/
- Broken link on source page path = /2022/01/08/my-website/:
   -> linking to /Tags/
   -> linking to /Archive/
- Broken link on source page path = /2022/01/16/awesome-azure-architecture-list/:
   -> linking to /Tags/
   -> linking to /Archive/
- Broken link on source page path = /2022/01/29/just-in-time-access-to-azure-virtual-machines/:
   -> linking to /Tags/
   -> linking to /Archive/
- Broken link on source page path = /2022/02/11/azurefeeds/:
   -> linking to /Tags/
   -> linking to /Archive/
- Broken link on source page path = /2022/02/16/native-rdp-client-azure-bastion/:
   -> linking to /Tags/
   -> linking to /Archive/
- Broken link on source page path = /2022/03/16/azure-optimisation-engine/:
   -> linking to /Tags/
   -> linking to /Archive/
- Broken link on source page path = /2022/03/27/create-a-site-to-site-vpn-to-azure-with-a-ubiquiti-dream-machine-pro/:
   -> linking to /Tags/
   -> linking to /Archive/
- Broken link on source page path = /2022/04/20/azure-arc-bridge-implementing-and-testing/:
   -> linking to /Tags/
   -> linking to /Archive/
- Broken link on source page path = /2022/05/12/deallocate-stopped-virtual-machines-using-azure-automation/:
   -> linking to /Tags/
   -> linking to /Archive/
- Broken link on source page path = /2022/05/27/how-to-contribute-to-microsoft-documentation/:
   -> linking to /Tags/
   -> linking to /Archive/
- Broken link on source page path = /2022/05/31/my-path-to-the-mvp-award/:
   -> linking to /Tags/
   -> linking to /Archive/
- Broken link on source page path = /2022/06/12/microsoft-azure-portal-recent-resources/:
   -> linking to /Tags/
   -> linking to /Archive/
- Broken link on source page path = /2022/08/09/create-a-public-holidays-api-using-microsoft-azure/:
   -> linking to /Tags/
   -> linking to /Archive/
- Broken link on source page path = /2022/08/17/connect-to-azure-sql-database-in-a-jupyter-notebook-using-python/:
   -> linking to /Tags/
   -> linking to /Archive/
- Broken link on source page path = /2022/08/18/microsoft-azure-cost-optimization-tasks/:
   -> linking to /Tags/
   -> linking to /Archive/
- Broken link on source page path = /2022/11/06/official-microsoft-community-calls/:
   -> linking to /Tags/
   -> linking to /Archive/
- Broken link on source page path = /2022/12/11/microsoft-devbox-wrapped-in-a-bow/:
   -> linking to /Tags/
   -> linking to /Archive/
- Broken link on source page path = /2023/01/09/export-icons-to-svg-from-the-microsoft-azure-portal-using-amazing-icon-downloader/:
   -> linking to /Tags/
   -> linking to /Archive/
- Broken link on source page path = /2023/01/18/you-can-t-touch-this-how-to-make-your-azure-backup-immutable-and-secure/:
   -> linking to /Tags/
   -> linking to /Archive/
- Broken link on source page path = /2023/05/03/Open-multiple-Microsoft-Teams-instances-using-PowerShell/:
   -> linking to /Tags/
   -> linking to /Archive/
- Broken link on source page path = /about/:
   -> linking to /Tags/
   -> linking to /Archive/
- Broken link on source page path = /archive/:
   -> linking to /Tags/
   -> linking to /Archive/
- Broken link on source page path = /authors/:
   -> linking to /Tags/
   -> linking to /Archive/
- Broken link on source page path = /azure/404-attempting-query-openai-azure-function-binding/:
   -> linking to /Tags/
   -> linking to /Archive/
- Broken link on source page path = /azure/AADDS-Referenced-account-locked-out/:
   -> linking to /Tags/
   -> linking to /Archive/
- Broken link on source page path = /azure/Access-denied-aztfexport/:
   -> linking to /Tags/
   -> linking to /Archive/
- Broken link on source page path = /azure/accessing-keyvault-azure-devops/:
   -> linking to /Tags/
   -> linking to /Archive/
- Broken link on source page path = /azure/acr-continuous-patching-security/:
   -> linking to /Tags/
   -> linking to /Archive/
- Broken link on source page path = /azure/add-custom-dns-servers-and-set-azure-point-to-site-vpn-to-connect-automatically/:
   -> linking to /Tags/
   -> linking to /Archive/
- Broken link on source page path = /azure/aks-kaito-completion/:
   -> linking to /Tags/
   -> linking to /Archive/
- Broken link on source page path = /azure/aks-kaito-vscode-deployment/:
   -> linking to /Tags/
   -> linking to /Archive/
- Broken link on source page path = /azure/api-management-overview/:
   -> linking to /Tags/
   -> linking to /Archive/
- Broken link on source page path = /azure/application-cost-analysis-in-microsoft-azure-with-cm-resource-parent-tag/:
   -> linking to /Tags/
   -> linking to /Archive/
- Broken link on source page path = /azure/application-gateway-apim-sinkhole-terraform/:
   -> linking to /Tags/
   -> linking to /Archive/
- Broken link on source page path = /azure/application-security-groups-in-microsoft-azure/:
   -> linking to /Tags/
   -> linking to /Archive/
- Broken link on source page path = /azure/architecture-in-the-cloud/:
   -> linking to /Tags/
   -> linking to /Archive/
- Broken link on source page path = /azure/authenticating-azureopenai-python/:
   -> linking to /Tags/
   -> linking to /Archive/
- Broken link on source page path = /azure/authorization-permission-mismatch-error-azure-storage/:
   -> linking to /Tags/
   -> linking to /Archive/
- Broken link on source page path = /azure/automate-container-patching-with-trivy-copacetic-azure-devops/:
   -> linking to /Tags/
   -> linking to /Archive/
- Broken link on source page path = /azure/azure-active-directory-application-proxy-implementation/:
   -> linking to /Tags/
   -> linking to /Archive/
- Broken link on source page path = /azure/azure-architecture-solution-requirement-consideration-checklist/:
   -> linking to /Tags/
   -> linking to /Archive/
- Broken link on source page path = /azure/azure-availability-zone-peering/:
   -> linking to /Tags/
   -> linking to /Archive/
- Broken link on source page path = /azure/azure-bicep-and-insert-resource/:
   -> linking to /Tags/
   -> linking to /Archive/
- Broken link on source page path = /azure/Azure-Bicep-Deploy-Pane/:
   -> linking to /Tags/
   -> linking to /Archive/
- Broken link on source page path = /azure/Azure-Bicep-Deployment-with-Deployment-Stacks/:
   -> linking to /Tags/
   -> linking to /Archive/
- Broken link on source page path = /azure/azure-budget-filters-a-key-tool-for-effective-cloud-cost-management/:
   -> linking to /Tags/
   -> linking to /Archive/
- Broken link on source page path = /azure/azure-container-apps-overview/:
   -> linking to /Tags/
   -> linking to /Archive/
- Broken link on source page path = /azure/azure-deployment-cleanup-with-azure-devops/:
   -> linking to /Tags/
   -> linking to /Archive/
- Broken link on source page path = /azure/azure-developer-cli/:
   -> linking to /Tags/
   -> linking to /Archive/
- Broken link on source page path = /azure/Azure-DevTest-Subscription-Considerations/:
   -> linking to /Tags/
   -> linking to /Archive/
- Broken link on source page path = /azure/azure-email-communication-services/:
   -> linking to /Tags/
   -> linking to /Archive/
- Broken link on source page path = /azure/Azure-Image-Builder-Build-Pipeline-with-Azure-DevOps/:
   -> linking to /Tags/
   -> linking to /Archive/
- Broken link on source page path = /azure/azure-landing-zone-accelerator/:
   -> linking to /Tags/
   -> linking to /Archive/
- Broken link on source page path = /azure/azure-naming-tool-api-bicep-resources/:
   -> linking to /Tags/
   -> linking to /Archive/
- Broken link on source page path = /azure/Azure-OpenAI-error-log-summarization/:
   -> linking to /Tags/
   -> linking to /Archive/
- Broken link on source page path = /azure/azure-platform-release-process/:
   -> linking to /Tags/
   -> linking to /Archive/
- Broken link on source page path = /azure/azure-point-to-site-vpn-and-private-dns-resolver/:
   -> linking to /Tags/
   -> linking to /Archive/
- Broken link on source page path = /azure/azure-public-dns-as-code/:
   -> linking to /Tags/
   -> linking to /Archive/
- Broken link on source page path = /azure/azure-quick-review/:
   -> linking to /Tags/
   -> linking to /Archive/
- Broken link on source page path = /azure/azure-region-provider-comparison/:
   -> linking to /Tags/
   -> linking to /Archive/
- Broken link on source page path = /azure/azure-storage-account-sftp-errors/:
   -> linking to /Tags/
   -> linking to /Archive/
- Broken link on source page path = /azure/Azure-Virtual-Desktop-Optimisations/:
   -> linking to /Tags/
   -> linking to /Archive/
- Broken link on source page path = /azure/azure-virtual-machine-and-mac-address-software-licensing/:
   -> linking to /Tags/
   -> linking to /Archive/
- Broken link on source page path = /azure/azure-vm-application-deployment/:
   -> linking to /Tags/
   -> linking to /Archive/
- Broken link on source page path = /azure/azure-webapp-500-errors-reporting-from-aspnetcoremodule/:
   -> linking to /Tags/
   -> linking to /Archive/
- Broken link on source page path = /azure/book-review-cloud-solution-architects-career-master-plan/:
   -> linking to /Tags/
   -> linking to /Archive/
- Broken link on source page path = /azure/Bring-Your-Data-to-Life-with-Azure-OpenAI/:
   -> linking to /Tags/
   -> linking to /Archive/
- Broken link on source page path = /azure/business-critical-workloads/:
   -> linking to /Tags/
   -> linking to /Archive/
- Broken link on source page path = /azure/Bytes-Blocks-and-Elasticity-Getting-Started-with-Azure-Elastic-SAN/:
   -> linking to /Tags/
   -> linking to /Archive/
- Broken link on source page path = /azure/Call-to-LLM-failed/:
   -> linking to /Tags/
   -> linking to /Archive/
- Broken link on source page path = /azure/capturing-virtual-machine-images-and-snapshots-in-azure-using-wvdadmin/:
   -> linking to /Tags/
   -> linking to /Archive/
- Broken link on source page path = /azure/change-analysis/:
   -> linking to /Tags/
   -> linking to /Archive/
- Broken link on source page path = /azure/change-timezone-azure-container-app/:
   -> linking to /Tags/
   -> linking to /Archive/
- Broken link on source page path = /azure/Changing-default-management-group-for-azure/:
   -> linking to /Tags/
   -> linking to /Archive/
- Broken link on source page path = /azure/Cleanup-your-unwanted-Azure-resources-on-a-schedule/:
   -> linking to /Tags/
   -> linking to /Archive/
- Broken link on source page path = /azure/cloud-design-patterns/:
   -> linking to /Tags/
   -> linking to /Archive/
- Broken link on source page path = /azure/cloudcloak/:
   -> linking to /Tags/
   -> linking to /Archive/
- Broken link on source page path = /azure/container-apps-planned-maintenance/:
   -> linking to /Tags/
   -> linking to /Archive/
- Broken link on source page path = /azure/container-apps-vnc-dosbox/:
   -> linking to /Tags/
   -> linking to /Archive/
- Broken link on source page path = /azure/containerapps-env-missing-subnet/:
   -> linking to /Tags/
   -> linking to /Archive/
- Broken link on source page path = /azure/controlled-chaos-in-azure-using-chaos-studio/:
   -> linking to /Tags/
   -> linking to /Archive/
- Broken link on source page path = /azure/create-azure-bastion-with-shareable-link-support-with-powershell/:
   -> linking to /Tags/
   -> linking to /Archive/
- Broken link on source page path = /azure/create-azure-ip-groups-based-on-the-ip-address-ranges-of-countries/:
   -> linking to /Tags/
   -> linking to /Archive/
- Broken link on source page path = /azure/create-azure-point-to-site-vpn-using-azure-active-directory-authentication/:
   -> linking to /Tags/
   -> linking to /Archive/
- Broken link on source page path = /azure/Demystifying-Azure-Policy-Inheritance-Understanding-the-Hierarchy-of-Control/:
   -> linking to /Tags/
   -> linking to /Archive/
- Broken link on source page path = /azure/deploy-azure-firewall-mon-to-a-static-web-app/:
   -> linking to /Tags/
   -> linking to /Archive/
- Broken link on source page path = /azure/deploy-azure-naming-tool-into-an-azure-webapp-as-a-container/:
   -> linking to /Tags/
   -> linking to /Archive/
- Broken link on source page path = /azure/deploy-streamlit-to-container-apps/:
   -> linking to /Tags/
   -> linking to /Archive/
- Broken link on source page path = /azure/deploying-azure-managed-redis-with-bicep/:
   -> linking to /Tags/
   -> linking to /Archive/
- Broken link on source page path = /azure/devcenter-project-deletion-issues/:
   -> linking to /Tags/
   -> linking to /Archive/
- Broken link on source page path = /azure/disable-sftp-support-on-an-azure-storage-account-on-a-schedule/:
   -> linking to /Tags/
   -> linking to /Archive/
- Broken link on source page path = /azure/drasi-bastion-rbac-automation/:
   -> linking to /Tags/
   -> linking to /Archive/
- Broken link on source page path = /azure/Empowering-Resilience-with-Azure-backup-services/:
   -> linking to /Tags/
   -> linking to /Archive/
- Broken link on source page path = /azure/enhancing-github-copilot-with-custom-instructions/:
   -> linking to /Tags/
   -> linking to /Archive/
- Broken link on source page path = /azure/enterprise-policy-code-azure-devops/:
   -> linking to /Tags/
   -> linking to /Archive/
- Broken link on source page path = /azure/Entra-ID-login-to-a-CIS-Hardened-Linux-Azure-Virtual-Machine/:
   -> linking to /Tags/
   -> linking to /Archive/
- Broken link on source page path = /azure/existing-resource-deploymentstack/:
   -> linking to /Tags/
   -> linking to /Archive/
- Broken link on source page path = /azure/export-azure-devops-repos-azure-storage-account/:
   -> linking to /Tags/
   -> linking to /Archive/
- Broken link on source page path = /azure/extended-zones-perth/:
   -> linking to /Tags/
   -> linking to /Archive/
- Broken link on source page path = /azure/failed-to-persist-terraform-state-using-an-azure-blob-storage-account/:
   -> linking to /Tags/
   -> linking to /Archive/
- Broken link on source page path = /azure/federated-credentials-aks/:
   -> linking to /Tags/
   -> linking to /Archive/
- Broken link on source page path = /azure/Getting-Started-with-GitHub-Codespaces/:
   -> linking to /Tags/
   -> linking to /Archive/
- Broken link on source page path = /azure/github-codespaces-azure-devops-repo/:
   -> linking to /Tags/
   -> linking to /Archive/
- Broken link on source page path = /azure/hackathon-vending-project/:
   -> linking to /Tags/
   -> linking to /Archive/
- Broken link on source page path = /azure/hidden-tags-in-azure/:
   -> linking to /Tags/
   -> linking to /Archive/
- Broken link on source page path = /azure/hosted-agents-container-apps-job/:
   -> linking to /Tags/
   -> linking to /Archive/
- Broken link on source page path = /azure/hosting-your-workloads-in-azure-vs-on-premises/:
   -> linking to /Tags/
   -> linking to /Archive/
- Broken link on source page path = /azure/how-to-setup-fslogix-profiles-for-azure-virtual-desktop/:
   -> linking to /Tags/
   -> linking to /Archive/
- Broken link on source page path = /azure/iac-github-codespace/:
   -> linking to /Tags/
   -> linking to /Archive/
- Broken link on source page path = /azure/implementing-ai-gateway-in-api-management/:
   -> linking to /Tags/
   -> linking to /Archive/
- Broken link on source page path = /azure/implementing-correlation-id-in-api-management/:
   -> linking to /Tags/
   -> linking to /Archive/
- Broken link on source page path = /azure/implementing-sandbox-vending/:
   -> linking to /Tags/
   -> linking to /Archive/
- Broken link on source page path = /azure/ims-payroll-not-opening-as-a-published-application-in-azure-virtual-desktop/:
   -> linking to /Tags/
   -> linking to /Archive/
- Broken link on source page path = /azure/internalservererror-when-deploying-azure-firewall/:
   -> linking to /Tags/
   -> linking to /Archive/
- Broken link on source page path = /azure/IPv6-on-Azure/:
   -> linking to /Tags/
   -> linking to /Archive/
- Broken link on source page path = /azure/kubebuddy-scanning-clusters/:
   -> linking to /Tags/
   -> linking to /Archive/
- Broken link on source page path = /azure/Management-Groups-not-displaying-AzurePortal/:
   -> linking to /Tags/
   -> linking to /Archive/
- Broken link on source page path = /azure/mcp-acs-email-integration/:
   -> linking to /Tags/
   -> linking to /Archive/
- Broken link on source page path = /azure/mcp-vscode-microsoft-learn/:
   -> linking to /Tags/
   -> linking to /Archive/
- Broken link on source page path = /azure/microsoft-azure-naming-conventions/:
   -> linking to /Tags/
   -> linking to /Archive/
- Broken link on source page path = /azure/microsoft-azure-portal-global-advanced-filters/:
   -> linking to /Tags/
   -> linking to /Archive/
- Broken link on source page path = /azure/microsoft-azure-sandbox-design-considerations/:
   -> linking to /Tags/
   -> linking to /Archive/
- Broken link on source page path = /azure/microsoft-azure-tagging-conventions/:
   -> linking to /Tags/
   -> linking to /Archive/
- Broken link on source page path = /azure/microsoft-azure-zonalallocationfailed/:
   -> linking to /Tags/
   -> linking to /Archive/
- Broken link on source page path = /azure/microsoft-copilot-azure-preview/:
   -> linking to /Tags/
   -> linking to /Archive/
- Broken link on source page path = /azure/microsoft-ignite-2022-azure-infrastructure-microsoft-documentation-updates/:
   -> linking to /Tags/
   -> linking to /Archive/
- Broken link on source page path = /azure/microsoft-learn-contributor-chatmode/:
   -> linking to /Tags/
   -> linking to /Archive/
- Broken link on source page path = /azure/microsoft-student-education-hub/:
   -> linking to /Tags/
   -> linking to /Archive/
- Broken link on source page path = /azure/migrating-resources-between-regions-using-azure-resource-mover/:
   -> linking to /Tags/
   -> linking to /Archive/
- Broken link on source page path = /azure/misc/Book-Review-Azure-architecture-explained/:
   -> linking to /Tags/
   -> linking to /Archive/
- Broken link on source page path = /azure/misc/how-to-restrict-users-to-specific-boards-in-azure-devops/:
   -> linking to /Tags/
   -> linking to /Archive/
- Broken link on source page path = /azure/Monitor-Azure-LandingZones-with-AMBA/:
   -> linking to /Tags/
   -> linking to /Archive/
- Broken link on source page path = /azure/Move-Azure-Public-IP-to-another-subscription/:
   -> linking to /Tags/
   -> linking to /Archive/
- Broken link on source page path = /azure/no-available-resources-error-when-connecting-to-azure-virtual-desktop/:
   -> linking to /Tags/
   -> linking to /Archive/
- Broken link on source page path = /azure/nz-north-latency-testing/:
   -> linking to /Tags/
   -> linking to /Archive/
- Broken link on source page path = /azure/openai-adoption-challenges-solutions/:
   -> linking to /Tags/
   -> linking to /Archive/
- Broken link on source page path = /azure/openai-request-badly-formatted/:
   -> linking to /Tags/
   -> linking to /Archive/
- Broken link on source page path = /azure/partner-admin-link-tool/:
   -> linking to /Tags/
   -> linking to /Archive/
- Broken link on source page path = /azure/policy-deny-creation-azure-openai-studio/:
   -> linking to /Tags/
   -> linking to /Archive/
- Broken link on source page path = /azure/powershell-terraform-bootstrap/:
   -> linking to /Tags/
   -> linking to /Archive/
- Broken link on source page path = /azure/powershell/azure-management-powershell/:
   -> linking to /Tags/
   -> linking to /Archive/
- Broken link on source page path = /azure/PrincpalNotFound-bicep-roleassignment/:
   -> linking to /Tags/
   -> linking to /Archive/
- Broken link on source page path = /azure/private-endpoint-traffic-not-appearing-azure-firewall/:
   -> linking to /Tags/
   -> linking to /Archive/
- Broken link on source page path = /azure/proactive-resiliency-assessment/:
   -> linking to /Tags/
   -> linking to /Archive/
- Broken link on source page path = /azure/push-docker-images-to-acr-using-github-codespaces/:
   -> linking to /Tags/
   -> linking to /Archive/
- Broken link on source page path = /azure/run-local-llm-aks/:
   -> linking to /Tags/
   -> linking to /Archive/
- Broken link on source page path = /azure/secure-container-supply-chain/:
   -> linking to /Tags/
   -> linking to /Archive/
- Broken link on source page path = /azure/service-groups-terraform-azapi/:
   -> linking to /Tags/
   -> linking to /Archive/
- Broken link on source page path = /azure/service-namespace-invalid-eventhub/:
   -> linking to /Tags/
   -> linking to /Archive/
- Broken link on source page path = /azure/setup-azure-cloud-shell/:
   -> linking to /Tags/
   -> linking to /Archive/
- Broken link on source page path = /azure/sftp-event-hub-function/:
   -> linking to /Tags/
   -> linking to /Archive/
- Broken link on source page path = /azure/sftp-in-microsoft-azure-using-azure-blob-storage/:
   -> linking to /Tags/
   -> linking to /Archive/
- Broken link on source page path = /azure/staticwebapp-azd-environment-variables/:
   -> linking to /Tags/
   -> linking to /Archive/
- Broken link on source page path = /azure/storage-queue-triggers-system-managed-identity-powershell/:
   -> linking to /Tags/
   -> linking to /Archive/
- Broken link on source page path = /azure/tag-azure-resources-owner-azure-automation-runbook/:
   -> linking to /Tags/
   -> linking to /Archive/
- Broken link on source page path = /azure/transfer-ownership-of-azure-subscription/:
   -> linking to /Tags/
   -> linking to /Archive/
- Broken link on source page path = /azure/troubleshooting-scenarios-azure-open-ai/:
   -> linking to /Tags/
   -> linking to /Archive/
- Broken link on source page path = /azure/turn-on-a-azure-virtual-machine-using-azure-automation/:
   -> linking to /Tags/
   -> linking to /Archive/
- Broken link on source page path = /azure/uncollapsing-azure-portal-blade-menu/:
   -> linking to /Tags/
   -> linking to /Archive/
- Broken link on source page path = /azure/update-your-azure-webapp-to-be-always-on/:
   -> linking to /Tags/
   -> linking to /Archive/
- Broken link on source page path = /azure/update-your-azure-webapp-to-use-your-timezone/:
   -> linking to /Tags/
   -> linking to /Archive/
- Broken link on source page path = /azure/using-communication-services-and-powershell-to-send-emails/:
   -> linking to /Tags/
   -> linking to /Archive/
- Broken link on source page path = /azure/using-communication-services-and-umi-powershell-to-send-emails/:
   -> linking to /Tags/
   -> linking to /Archive/
- Broken link on source page path = /azure/Web-Content-Not-Found-error-on-Azure-Storage-Account-static-website/:
   -> linking to /Tags/
   -> linking to /Archive/
- Broken link on source page path = /azure/whitelisting-your-public-ip-with-azure-bicep/:
   -> linking to /Tags/
   -> linking to /Archive/
- Broken link on source page path = /azure/Working-with-CIDR-Azure-Bicep/:
   -> linking to /Tags/
   -> linking to /Archive/
- Broken link on source page path = /azure/you-don-t-have-authorization-to-perform-action-microsoft.resources-deployments-validate-action/:
   -> linking to /Tags/
   -> linking to /Archive/
- Broken link on source page path = /azure/zone-redundancy-cli/:
   -> linking to /Tags/
   -> linking to /Archive/
- Broken link on source page path = /misc/codespace-secrets/:
   -> linking to /Tags/
   -> linking to /Archive/
- Broken link on source page path = /misc/how-to-download-a-microsoft-exam-certificate/:
   -> linking to /Tags/
   -> linking to /Archive/
- Broken link on source page path = /misc/kubernetes-enterprise-guide-book-review/:
   -> linking to /Tags/
   -> linking to /Archive/
- Broken link on source page path = /misc/precommit-hooks-codespaces-terraform-iac/:
   -> linking to /Tags/
   -> linking to /Archive/
- Broken link on source page path = /misc/product-development-lifecycle/:
   -> linking to /Tags/
   -> linking to /Archive/
- Broken link on source page path = /page/10/:
   -> linking to /Tags/
   -> linking to /Archive/
- Broken link on source page path = /page/100/:
   -> linking to /Tags/
   -> linking to /Archive/
- Broken link on source page path = /page/101/:
   -> linking to /Tags/
   -> linking to /Archive/
- Broken link on source page path = /page/102/:
   -> linking to /Tags/
   -> linking to /Archive/
- Broken link on source page path = /page/103/:
   -> linking to /Tags/
   -> linking to /Archive/
- Broken link on source page path = /page/104/:
   -> linking to /Tags/
   -> linking to /Archive/
- Broken link on source page path = /page/105/:
   -> linking to /Tags/
   -> linking to /Archive/
- Broken link on source page path = /page/106/:
   -> linking to /Tags/
   -> linking to /Archive/
- Broken link on source page path = /page/107/:
   -> linking to /Tags/
   -> linking to /Archive/
- Broken link on source page path = /page/108/:
   -> linking to /Tags/
   -> linking to /Archive/
- Broken link on source page path = /page/109/:
   -> linking to /Tags/
   -> linking to /Archive/
- Broken link on source page path = /page/11/:
   -> linking to /Tags/
   -> linking to /Archive/
- Broken link on source page path = /page/110/:
   -> linking to /Tags/
   -> linking to /Archive/
- Broken link on source page path = /page/111/:
   -> linking to /Tags/
   -> linking to /Archive/
- Broken link on source page path = /page/112/:
   -> linking to /Tags/
   -> linking to /Archive/
- Broken link on source page path = /page/113/:
   -> linking to /Tags/
   -> linking to /Archive/
- Broken link on source page path = /page/114/:
   -> linking to /Tags/
   -> linking to /Archive/
- Broken link on source page path = /page/115/:
   -> linking to /Tags/
   -> linking to /Archive/
- Broken link on source page path = /page/116/:
   -> linking to /Tags/
   -> linking to /Archive/
- Broken link on source page path = /page/117/:
   -> linking to /Tags/
   -> linking to /Archive/
- Broken link on source page path = /page/118/:
   -> linking to /Tags/
   -> linking to /Archive/
- Broken link on source page path = /page/119/:
   -> linking to /Tags/
   -> linking to /Archive/
- Broken link on source page path = /page/12/:
   -> linking to /Tags/
   -> linking to /Archive/
- Broken link on source page path = /page/120/:
   -> linking to /Tags/
   -> linking to /Archive/
- Broken link on source page path = /page/121/:
   -> linking to /Tags/
   -> linking to /Archive/
- Broken link on source page path = /page/13/:
   -> linking to /Tags/
   -> linking to /Archive/
- Broken link on source page path = /page/14/:
   -> linking to /Tags/
   -> linking to /Archive/
- Broken link on source page path = /page/15/:
   -> linking to /Tags/
   -> linking to /Archive/
- Broken link on source page path = /page/16/:
   -> linking to /Tags/
   -> linking to /Archive/
- Broken link on source page path = /page/17/:
   -> linking to /Tags/
   -> linking to /Archive/
- Broken link on source page path = /page/18/:
   -> linking to /Tags/
   -> linking to /Archive/
- Broken link on source page path = /page/19/:
   -> linking to /Tags/
   -> linking to /Archive/
- Broken link on source page path = /page/2/:
   -> linking to /Tags/
   -> linking to /Archive/
- Broken link on source page path = /page/20/:
   -> linking to /Tags/
   -> linking to /Archive/
- Broken link on source page path = /page/21/:
   -> linking to /Tags/
   -> linking to /Archive/
- Broken link on source page path = /page/22/:
   -> linking to /Tags/
   -> linking to /Archive/
- Broken link on source page path = /page/23/:
   -> linking to /Tags/
   -> linking to /Archive/
- Broken link on source page path = /page/24/:
   -> linking to /Tags/
   -> linking to /Archive/
- Broken link on source page path = /page/25/:
   -> linking to /Tags/
   -> linking to /Archive/
- Broken link on source page path = /page/26/:
   -> linking to /Tags/
   -> linking to /Archive/
- Broken link on source page path = /page/27/:
   -> linking to /Tags/
   -> linking to /Archive/
- Broken link on source page path = /page/28/:
   -> linking to /Tags/
   -> linking to /Archive/
- Broken link on source page path = /page/29/:
   -> linking to /Tags/
   -> linking to /Archive/
- Broken link on source page path = /page/3/:
   -> linking to /Tags/
   -> linking to /Archive/
- Broken link on source page path = /page/30/:
   -> linking to /Tags/
   -> linking to /Archive/
- Broken link on source page path = /page/31/:
   -> linking to /Tags/
   -> linking to /Archive/
- Broken link on source page path = /page/32/:
   -> linking to /Tags/
   -> linking to /Archive/
- Broken link on source page path = /page/33/:
   -> linking to /Tags/
   -> linking to /Archive/
- Broken link on source page path = /page/34/:
   -> linking to /Tags/
   -> linking to /Archive/
- Broken link on source page path = /page/35/:
   -> linking to /Tags/
   -> linking to /Archive/
- Broken link on source page path = /page/36/:
   -> linking to /Tags/
   -> linking to /Archive/
- Broken link on source page path = /page/37/:
   -> linking to /Tags/
   -> linking to /Archive/
- Broken link on source page path = /page/38/:
   -> linking to /Tags/
   -> linking to /Archive/
- Broken link on source page path = /page/39/:
   -> linking to /Tags/
   -> linking to /Archive/
- Broken link on source page path = /page/4/:
   -> linking to /Tags/
   -> linking to /Archive/
- Broken link on source page path = /page/40/:
   -> linking to /Tags/
   -> linking to /Archive/
- Broken link on source page path = /page/41/:
   -> linking to /Tags/
   -> linking to /Archive/
- Broken link on source page path = /page/42/:
   -> linking to /Tags/
   -> linking to /Archive/
- Broken link on source page path = /page/43/:
   -> linking to /Tags/
   -> linking to /Archive/
- Broken link on source page path = /page/44/:
   -> linking to /Tags/
   -> linking to /Archive/
- Broken link on source page path = /page/45/:
   -> linking to /Tags/
   -> linking to /Archive/
- Broken link on source page path = /page/46/:
   -> linking to /Tags/
   -> linking to /Archive/
- Broken link on source page path = /page/47/:
   -> linking to /Tags/
   -> linking to /Archive/
- Broken link on source page path = /page/48/:
   -> linking to /Tags/
   -> linking to /Archive/
- Broken link on source page path = /page/49/:
   -> linking to /Tags/
   -> linking to /Archive/
- Broken link on source page path = /page/5/:
   -> linking to /Tags/
   -> linking to /Archive/
- Broken link on source page path = /page/50/:
   -> linking to /Tags/
   -> linking to /Archive/
- Broken link on source page path = /page/51/:
   -> linking to /Tags/
   -> linking to /Archive/
- Broken link on source page path = /page/52/:
   -> linking to /Tags/
   -> linking to /Archive/
- Broken link on source page path = /page/53/:
   -> linking to /Tags/
   -> linking to /Archive/
- Broken link on source page path = /page/54/:
   -> linking to /Tags/
   -> linking to /Archive/
- Broken link on source page path = /page/55/:
   -> linking to /Tags/
   -> linking to /Archive/
- Broken link on source page path = /page/56/:
   -> linking to /Tags/
   -> linking to /Archive/
- Broken link on source page path = /page/57/:
   -> linking to /Tags/
   -> linking to /Archive/
- Broken link on source page path = /page/58/:
   -> linking to /Tags/
   -> linking to /Archive/
- Broken link on source page path = /page/59/:
   -> linking to /Tags/
   -> linking to /Archive/
- Broken link on source page path = /page/6/:
   -> linking to /Tags/
   -> linking to /Archive/
- Broken link on source page path = /page/60/:
   -> linking to /Tags/
   -> linking to /Archive/
- Broken link on source page path = /page/61/:
   -> linking to /Tags/
   -> linking to /Archive/
- Broken link on source page path = /page/62/:
   -> linking to /Tags/
   -> linking to /Archive/
- Broken link on source page path = /page/63/:
   -> linking to /Tags/
   -> linking to /Archive/
- Broken link on source page path = /page/64/:
   -> linking to /Tags/
   -> linking to /Archive/
- Broken link on source page path = /page/65/:
   -> linking to /Tags/
   -> linking to /Archive/
- Broken link on source page path = /page/66/:
   -> linking to /Tags/
   -> linking to /Archive/
- Broken link on source page path = /page/67/:
   -> linking to /Tags/
   -> linking to /Archive/
- Broken link on source page path = /page/68/:
   -> linking to /Tags/
   -> linking to /Archive/
- Broken link on source page path = /page/69/:
   -> linking to /Tags/
   -> linking to /Archive/
- Broken link on source page path = /page/7/:
   -> linking to /Tags/
   -> linking to /Archive/
- Broken link on source page path = /page/70/:
   -> linking to /Tags/
   -> linking to /Archive/
- Broken link on source page path = /page/71/:
   -> linking to /Tags/
   -> linking to /Archive/
- Broken link on source page path = /page/72/:
   -> linking to /Tags/
   -> linking to /Archive/
- Broken link on source page path = /page/73/:
   -> linking to /Tags/
   -> linking to /Archive/
- Broken link on source page path = /page/74/:
   -> linking to /Tags/
   -> linking to /Archive/
- Broken link on source page path = /page/75/:
   -> linking to /Tags/
   -> linking to /Archive/
- Broken link on source page path = /page/76/:
   -> linking to /Tags/
   -> linking to /Archive/
- Broken link on source page path = /page/77/:
   -> linking to /Tags/
   -> linking to /Archive/
- Broken link on source page path = /page/78/:
   -> linking to /Tags/
   -> linking to /Archive/
- Broken link on source page path = /page/79/:
   -> linking to /Tags/
   -> linking to /Archive/
- Broken link on source page path = /page/8/:
   -> linking to /Tags/
   -> linking to /Archive/
- Broken link on source page path = /page/80/:
   -> linking to /Tags/
   -> linking to /Archive/
- Broken link on source page path = /page/81/:
   -> linking to /Tags/
   -> linking to /Archive/
- Broken link on source page path = /page/82/:
   -> linking to /Tags/
   -> linking to /Archive/
- Broken link on source page path = /page/83/:
   -> linking to /Tags/
   -> linking to /Archive/
- Broken link on source page path = /page/84/:
   -> linking to /Tags/
   -> linking to /Archive/
- Broken link on source page path = /page/85/:
   -> linking to /Tags/
   -> linking to /Archive/
- Broken link on source page path = /page/86/:
   -> linking to /Tags/
   -> linking to /Archive/
- Broken link on source page path = /page/87/:
   -> linking to /Tags/
   -> linking to /Archive/
- Broken link on source page path = /page/88/:
   -> linking to /Tags/
   -> linking to /Archive/
- Broken link on source page path = /page/89/:
   -> linking to /Tags/
   -> linking to /Archive/
- Broken link on source page path = /page/9/:
   -> linking to /Tags/
   -> linking to /Archive/
- Broken link on source page path = /page/90/:
   -> linking to /Tags/
   -> linking to /Archive/
- Broken link on source page path = /page/91/:
   -> linking to /Tags/
   -> linking to /Archive/
- Broken link on source page path = /page/92/:
   -> linking to /Tags/
   -> linking to /Archive/
- Broken link on source page path = /page/93/:
   -> linking to /Tags/
   -> linking to /Archive/
- Broken link on source page path = /page/94/:
   -> linking to /Tags/
   -> linking to /Archive/
- Broken link on source page path = /page/95/:
   -> linking to /Tags/
   -> linking to /Archive/
- Broken link on source page path = /page/96/:
   -> linking to /Tags/
   -> linking to /Archive/
- Broken link on source page path = /page/97/:
   -> linking to /Tags/
   -> linking to /Archive/
- Broken link on source page path = /page/98/:
   -> linking to /Tags/
   -> linking to /Archive/
- Broken link on source page path = /page/99/:
   -> linking to /Tags/
   -> linking to /Archive/
- Broken link on source page path = /powershell/avd-collect/:
   -> linking to /Tags/
   -> linking to /Archive/
- Broken link on source page path = /tags/:
   -> linking to /Tags/
   -> linking to /Archive/
- Broken link on source page path = /tags/azure-dev-ops/:
   -> linking to /Tags/
   -> linking to /Archive/
- Broken link on source page path = /tags/azure/:
   -> linking to /Tags/
   -> linking to /Archive/
- Broken link on source page path = /tags/azure/page/10/:
   -> linking to /Tags/
   -> linking to /Archive/
- Broken link on source page path = /tags/azure/page/11/:
   -> linking to /Tags/
   -> linking to /Archive/
- Broken link on source page path = /tags/azure/page/12/:
   -> linking to /Tags/
   -> linking to /Archive/
- Broken link on source page path = /tags/azure/page/13/:
   -> linking to /Tags/
   -> linking to /Archive/
- Broken link on source page path = /tags/azure/page/14/:
   -> linking to /Tags/
   -> linking to /Archive/
- Broken link on source page path = /tags/azure/page/15/:
   -> linking to /Tags/
   -> linking to /Archive/
- Broken link on source page path = /tags/azure/page/16/:
   -> linking to /Tags/
   -> linking to /Archive/
- Broken link on source page path = /tags/azure/page/17/:
   -> linking to /Tags/
   -> linking to /Archive/
- Broken link on source page path = /tags/azure/page/18/:
   -> linking to /Tags/
   -> linking to /Archive/
- Broken link on source page path = /tags/azure/page/19/:
   -> linking to /Tags/
   -> linking to /Archive/
- Broken link on source page path = /tags/azure/page/2/:
   -> linking to /Tags/
   -> linking to /Archive/
- Broken link on source page path = /tags/azure/page/20/:
   -> linking to /Tags/
   -> linking to /Archive/
- Broken link on source page path = /tags/azure/page/21/:
   -> linking to /Tags/
   -> linking to /Archive/
- Broken link on source page path = /tags/azure/page/22/:
   -> linking to /Tags/
   -> linking to /Archive/
- Broken link on source page path = /tags/azure/page/23/:
   -> linking to /Tags/
   -> linking to /Archive/
- Broken link on source page path = /tags/azure/page/24/:
   -> linking to /Tags/
   -> linking to /Archive/
- Broken link on source page path = /tags/azure/page/25/:
   -> linking to /Tags/
   -> linking to /Archive/
- Broken link on source page path = /tags/azure/page/26/:
   -> linking to /Tags/
   -> linking to /Archive/
- Broken link on source page path = /tags/azure/page/27/:
   -> linking to /Tags/
   -> linking to /Archive/
- Broken link on source page path = /tags/azure/page/28/:
   -> linking to /Tags/
   -> linking to /Archive/
- Broken link on source page path = /tags/azure/page/29/:
   -> linking to /Tags/
   -> linking to /Archive/
- Broken link on source page path = /tags/azure/page/3/:
   -> linking to /Tags/
   -> linking to /Archive/
- Broken link on source page path = /tags/azure/page/30/:
   -> linking to /Tags/
   -> linking to /Archive/
- Broken link on source page path = /tags/azure/page/31/:
   -> linking to /Tags/
   -> linking to /Archive/
- Broken link on source page path = /tags/azure/page/32/:
   -> linking to /Tags/
   -> linking to /Archive/
- Broken link on source page path = /tags/azure/page/33/:
   -> linking to /Tags/
   -> linking to /Archive/
- Broken link on source page path = /tags/azure/page/34/:
   -> linking to /Tags/
   -> linking to /Archive/
- Broken link on source page path = /tags/azure/page/35/:
   -> linking to /Tags/
   -> linking to /Archive/
- Broken link on source page path = /tags/azure/page/36/:
   -> linking to /Tags/
   -> linking to /Archive/
- Broken link on source page path = /tags/azure/page/37/:
   -> linking to /Tags/
   -> linking to /Archive/
- Broken link on source page path = /tags/azure/page/38/:
   -> linking to /Tags/
   -> linking to /Archive/
- Broken link on source page path = /tags/azure/page/4/:
   -> linking to /Tags/
   -> linking to /Archive/
- Broken link on source page path = /tags/azure/page/5/:
   -> linking to /Tags/
   -> linking to /Archive/
- Broken link on source page path = /tags/azure/page/6/:
   -> linking to /Tags/
   -> linking to /Archive/
- Broken link on source page path = /tags/azure/page/7/:
   -> linking to /Tags/
   -> linking to /Archive/
- Broken link on source page path = /tags/azure/page/8/:
   -> linking to /Tags/
   -> linking to /Archive/
- Broken link on source page path = /tags/azure/page/9/:
   -> linking to /Tags/
   -> linking to /Archive/
- Broken link on source page path = /tags/cloud-adoption-framework/:
   -> linking to /Tags/
   -> linking to /Archive/
- Broken link on source page path = /tags/linux/:
   -> linking to /Tags/
   -> linking to /Archive/
- Broken link on source page path = /tags/linux/page/2/:
   -> linking to /Tags/
   -> linking to /Archive/
- Broken link on source page path = /tags/linux/page/3/:
   -> linking to /Tags/
   -> linking to /Archive/
- Broken link on source page path = /tags/linux/page/4/:
   -> linking to /Tags/
   -> linking to /Archive/
- Broken link on source page path = /tags/mac-osx/:
   -> linking to /Tags/
   -> linking to /Archive/
- Broken link on source page path = /tags/mac-osx/page/2/:
   -> linking to /Tags/
   -> linking to /Archive/
- Broken link on source page path = /tags/mac-osx/page/3/:
   -> linking to /Tags/
   -> linking to /Archive/
- Broken link on source page path = /tags/mac-osx/page/4/:
   -> linking to /Tags/
   -> linking to /Archive/
- Broken link on source page path = /tags/mac-osx/page/5/:
   -> linking to /Tags/
   -> linking to /Archive/
- Broken link on source page path = /tags/mac-osx/page/6/:
   -> linking to /Tags/
   -> linking to /Archive/
- Broken link on source page path = /tags/mac-osx/page/7/:
   -> linking to /Tags/
   -> linking to /Archive/
- Broken link on source page path = /tags/migration/:
   -> linking to /Tags/
   -> linking to /Archive/
- Broken link on source page path = /tags/misc/:
   -> linking to /Tags/
   -> linking to /Archive/
- Broken link on source page path = /tags/misc/page/10/:
   -> linking to /Tags/
   -> linking to /Archive/
- Broken link on source page path = /tags/misc/page/11/:
   -> linking to /Tags/
   -> linking to /Archive/
- Broken link on source page path = /tags/misc/page/12/:
   -> linking to /Tags/
   -> linking to /Archive/
- Broken link on source page path = /tags/misc/page/13/:
   -> linking to /Tags/
   -> linking to /Archive/
- Broken link on source page path = /tags/misc/page/14/:
   -> linking to /Tags/
   -> linking to /Archive/
- Broken link on source page path = /tags/misc/page/15/:
   -> linking to /Tags/
   -> linking to /Archive/
- Broken link on source page path = /tags/misc/page/16/:
   -> linking to /Tags/
   -> linking to /Archive/
- Broken link on source page path = /tags/misc/page/17/:
   -> linking to /Tags/
   -> linking to /Archive/
- Broken link on source page path = /tags/misc/page/18/:
   -> linking to /Tags/
   -> linking to /Archive/
- Broken link on source page path = /tags/misc/page/19/:
   -> linking to /Tags/
   -> linking to /Archive/
- Broken link on source page path = /tags/misc/page/2/:
   -> linking to /Tags/
   -> linking to /Archive/
- Broken link on source page path = /tags/misc/page/20/:
   -> linking to /Tags/
   -> linking to /Archive/
- Broken link on source page path = /tags/misc/page/21/:
   -> linking to /Tags/
   -> linking to /Archive/
- Broken link on source page path = /tags/misc/page/22/:
   -> linking to /Tags/
   -> linking to /Archive/
- Broken link on source page path = /tags/misc/page/23/:
   -> linking to /Tags/
   -> linking to /Archive/
- Broken link on source page path = /tags/misc/page/24/:
   -> linking to /Tags/
   -> linking to /Archive/
- Broken link on source page path = /tags/misc/page/25/:
   -> linking to /Tags/
   -> linking to /Archive/
- Broken link on source page path = /tags/misc/page/26/:
   -> linking to /Tags/
   -> linking to /Archive/
- Broken link on source page path = /tags/misc/page/27/:
   -> linking to /Tags/
   -> linking to /Archive/
- Broken link on source page path = /tags/misc/page/28/:
   -> linking to /Tags/
   -> linking to /Archive/
- Broken link on source page path = /tags/misc/page/29/:
   -> linking to /Tags/
   -> linking to /Archive/
- Broken link on source page path = /tags/misc/page/3/:
   -> linking to /Tags/
   -> linking to /Archive/
- Broken link on source page path = /tags/misc/page/4/:
   -> linking to /Tags/
   -> linking to /Archive/
- Broken link on source page path = /tags/misc/page/5/:
   -> linking to /Tags/
   -> linking to /Archive/
- Broken link on source page path = /tags/misc/page/6/:
   -> linking to /Tags/
   -> linking to /Archive/
- Broken link on source page path = /tags/misc/page/7/:
   -> linking to /Tags/
   -> linking to /Archive/
- Broken link on source page path = /tags/misc/page/8/:
   -> linking to /Tags/
   -> linking to /Archive/
- Broken link on source page path = /tags/misc/page/9/:
   -> linking to /Tags/
   -> linking to /Archive/
- Broken link on source page path = /tags/mobile/:
   -> linking to /Tags/
   -> linking to /Archive/
- Broken link on source page path = /tags/mobile/page/2/:
   -> linking to /Tags/
   -> linking to /Archive/
- Broken link on source page path = /tags/mobile/page/3/:
   -> linking to /Tags/
   -> linking to /Archive/
- Broken link on source page path = /tags/mobile/page/4/:
   -> linking to /Tags/
   -> linking to /Archive/
- Broken link on source page path = /tags/power-shell/:
   -> linking to /Tags/
   -> linking to /Archive/
- Broken link on source page path = /tags/power-shell/page/2/:
   -> linking to /Tags/
   -> linking to /Archive/
- Broken link on source page path = /tags/power-shell/page/3/:
   -> linking to /Tags/
   -> linking to /Archive/
- Broken link on source page path = /tags/service-management/:
   -> linking to /Tags/
   -> linking to /Archive/
- Broken link on source page path = /tags/windows-phone/:
   -> linking to /Tags/
   -> linking to /Archive/
- Broken link on source page path = /tags/windows/:
   -> linking to /Tags/
   -> linking to /Archive/
- Broken link on source page path = /tags/windows/page/10/:
   -> linking to /Tags/
   -> linking to /Archive/
- Broken link on source page path = /tags/windows/page/11/:
   -> linking to /Tags/
   -> linking to /Archive/
- Broken link on source page path = /tags/windows/page/12/:
   -> linking to /Tags/
   -> linking to /Archive/
- Broken link on source page path = /tags/windows/page/13/:
   -> linking to /Tags/
   -> linking to /Archive/
- Broken link on source page path = /tags/windows/page/14/:
   -> linking to /Tags/
   -> linking to /Archive/
- Broken link on source page path = /tags/windows/page/15/:
   -> linking to /Tags/
   -> linking to /Archive/
- Broken link on source page path = /tags/windows/page/16/:
   -> linking to /Tags/
   -> linking to /Archive/
- Broken link on source page path = /tags/windows/page/17/:
   -> linking to /Tags/
   -> linking to /Archive/
- Broken link on source page path = /tags/windows/page/18/:
   -> linking to /Tags/
   -> linking to /Archive/
- Broken link on source page path = /tags/windows/page/19/:
   -> linking to /Tags/
   -> linking to /Archive/
- Broken link on source page path = /tags/windows/page/2/:
   -> linking to /Tags/
   -> linking to /Archive/
- Broken link on source page path = /tags/windows/page/20/:
   -> linking to /Tags/
   -> linking to /Archive/
- Broken link on source page path = /tags/windows/page/21/:
   -> linking to /Tags/
   -> linking to /Archive/
- Broken link on source page path = /tags/windows/page/22/:
   -> linking to /Tags/
   -> linking to /Archive/
- Broken link on source page path = /tags/windows/page/23/:
   -> linking to /Tags/
   -> linking to /Archive/
- Broken link on source page path = /tags/windows/page/24/:
   -> linking to /Tags/
   -> linking to /Archive/
- Broken link on source page path = /tags/windows/page/25/:
   -> linking to /Tags/
   -> linking to /Archive/
- Broken link on source page path = /tags/windows/page/26/:
   -> linking to /Tags/
   -> linking to /Archive/
- Broken link on source page path = /tags/windows/page/27/:
   -> linking to /Tags/
   -> linking to /Archive/
- Broken link on source page path = /tags/windows/page/28/:
   -> linking to /Tags/
   -> linking to /Archive/
- Broken link on source page path = /tags/windows/page/29/:
   -> linking to /Tags/
   -> linking to /Archive/
- Broken link on source page path = /tags/windows/page/3/:
   -> linking to /Tags/
   -> linking to /Archive/
- Broken link on source page path = /tags/windows/page/30/:
   -> linking to /Tags/
   -> linking to /Archive/
- Broken link on source page path = /tags/windows/page/31/:
   -> linking to /Tags/
   -> linking to /Archive/
- Broken link on source page path = /tags/windows/page/32/:
   -> linking to /Tags/
   -> linking to /Archive/
- Broken link on source page path = /tags/windows/page/33/:
   -> linking to /Tags/
   -> linking to /Archive/
- Broken link on source page path = /tags/windows/page/34/:
   -> linking to /Tags/
   -> linking to /Archive/
- Broken link on source page path = /tags/windows/page/35/:
   -> linking to /Tags/
   -> linking to /Archive/
- Broken link on source page path = /tags/windows/page/36/:
   -> linking to /Tags/
   -> linking to /Archive/
- Broken link on source page path = /tags/windows/page/37/:
   -> linking to /Tags/
   -> linking to /Archive/
- Broken link on source page path = /tags/windows/page/38/:
   -> linking to /Tags/
   -> linking to /Archive/
- Broken link on source page path = /tags/windows/page/39/:
   -> linking to /Tags/
   -> linking to /Archive/
- Broken link on source page path = /tags/windows/page/4/:
   -> linking to /Tags/
   -> linking to /Archive/
- Broken link on source page path = /tags/windows/page/40/:
   -> linking to /Tags/
   -> linking to /Archive/
- Broken link on source page path = /tags/windows/page/41/:
   -> linking to /Tags/
   -> linking to /Archive/
- Broken link on source page path = /tags/windows/page/42/:
   -> linking to /Tags/
   -> linking to /Archive/
- Broken link on source page path = /tags/windows/page/43/:
   -> linking to /Tags/
   -> linking to /Archive/
- Broken link on source page path = /tags/windows/page/44/:
   -> linking to /Tags/
   -> linking to /Archive/
- Broken link on source page path = /tags/windows/page/45/:
   -> linking to /Tags/
   -> linking to /Archive/
- Broken link on source page path = /tags/windows/page/46/:
   -> linking to /Tags/
   -> linking to /Archive/
- Broken link on source page path = /tags/windows/page/47/:
   -> linking to /Tags/
   -> linking to /Archive/
- Broken link on source page path = /tags/windows/page/48/:
   -> linking to /Tags/
   -> linking to /Archive/
- Broken link on source page path = /tags/windows/page/49/:
   -> linking to /Tags/
   -> linking to /Archive/
- Broken link on source page path = /tags/windows/page/5/:
   -> linking to /Tags/
   -> linking to /Archive/
- Broken link on source page path = /tags/windows/page/50/:
   -> linking to /Tags/
   -> linking to /Archive/
- Broken link on source page path = /tags/windows/page/51/:
   -> linking to /Tags/
   -> linking to /Archive/
- Broken link on source page path = /tags/windows/page/6/:
   -> linking to /Tags/
   -> linking to /Archive/
- Broken link on source page path = /tags/windows/page/7/:
   -> linking to /Tags/
   -> linking to /Archive/
- Broken link on source page path = /tags/windows/page/8/:
   -> linking to /Tags/
   -> linking to /Archive/
- Broken link on source page path = /tags/windows/page/9/:
   -> linking to /Tags/
   -> linking to /Archive/
- Broken link on source page path = /win/capturing-windows-boot-performance-windows-performance-toolkit/:
   -> linking to /Tags/
   -> linking to /Archive/
- Broken link on source page path = /win/how-to-export-local-group-policy-settings-into-a-html-report/:
   -> linking to /Tags/
   -> linking to /Archive/
- Broken link on source page path = /win/mv-img-anywhere-in-word/:
   -> linking to /Tags/
   -> linking to /Archive/
- Broken link on source page path = /:
   -> linking to /Tags/
   -> linking to /Archive/

[WARNING] Docusaurus found broken anchors!

Please check the pages of your site in the list below, and make sure you don't reference any anchor that does not exist.
Note: it's possible to ignore broken anchors with the 'onBrokenAnchors' Docusaurus configuration, and let the build pass.

Exhaustive list of all broken anchors found:
- Broken anchor on source page path = /2012/03/05/advpack-not-found/:
   -> linking to #Fixing_this_error_in_Windows_7 (resolved as: /2012/03/05/advpack-not-found/#Fixing_this_error_in_Windows_7)
   -> linking to #Fixing_this_error_in_Windows_XP (resolved as: /2012/03/05/advpack-not-found/#Fixing_this_error_in_Windows_XP)
- Broken anchor on source page path = /2014/04/27/optimal-taleo-settings/:
   -> linking to #Magnification (resolved as: /2014/04/27/optimal-taleo-settings/#Magnification)
   -> linking to #Configuring_Cookie_Policy_for_Internet_Explorer (resolved as: /2014/04/27/optimal-taleo-settings/#Configuring_Cookie_Policy_for_Internet_Explorer)
   -> linking to #Enabling_JavaScript (resolved as: /2014/04/27/optimal-taleo-settings/#Enabling_JavaScript)
   -> linking to #Troubleshooting_JavaScript (resolved as: /2014/04/27/optimal-taleo-settings/#Troubleshooting_JavaScript)
   -> linking to #Setting_Browser_to_Cache_Web_Files (resolved as: /2014/04/27/optimal-taleo-settings/#Setting_Browser_to_Cache_Web_Files)
   -> linking to #Optimizing_Cache_Settings (resolved as: /2014/04/27/optimal-taleo-settings/#Optimizing_Cache_Settings)
   -> linking to #Configuring_the_Printer (resolved as: /2014/04/27/optimal-taleo-settings/#Configuring_the_Printer)
- Broken anchor on source page path = /2014/04/27/remote-assist-xenapp-users/:
   -> linking to #Configure_Remote_Assistance_in_XenApp (resolved as: /2014/04/27/remote-assist-xenapp-users/#Configure_Remote_Assistance_in_XenApp)
   -> linking to #Using_Remote_Assistance_Citrix_AppCenter_to_Remote_Assist_users (resolved as: /2014/04/27/remote-assist-xenapp-users/#Using_Remote_Assistance_Citrix_AppCenter_to_Remote_Assist_users)
- Broken anchor on source page path = /2014/04/28/enable-numlock-windows8/:
   -> linking to #HOW_TO_enableNUMLOCK_ON_STARTUP (resolved as: /2014/04/28/enable-numlock-windows8/#HOW_TO_enableNUMLOCK_ON_STARTUP)
   -> linking to #How_to_disable_Numlock_on_Startup (resolved as: /2014/04/28/enable-numlock-windows8/#How_to_disable_Numlock_on_Startup)
- Broken anchor on source page path = /2016/03/06/hyper-v-2012-r2-intel-nuc-nuc5i7ryh/:
   -> linking to #Changing_the_Intel_Network_Drivers_Manually (resolved as: /2016/03/06/hyper-v-2012-r2-intel-nuc-nuc5i7ryh/#Changing_the_Intel_Network_Drivers_Manually)
   -> linking to #Downloading_Intel_Network_Drivers_8211_NUC5i7RYH_Compatible (resolved as: /2016/03/06/hyper-v-2012-r2-intel-nuc-nuc5i7ryh/#Downloading_Intel_Network_Drivers_8211_NUC5i7RYH_Compatible)
   -> linking to #Intel_NUC5i7RYH_Hyper-V_2012_R2_ISO (resolved as: /2016/03/06/hyper-v-2012-r2-intel-nuc-nuc5i7ryh/#Intel_NUC5i7RYH_Hyper-V_2012_R2_ISO)
- Broken anchor on source page path = /2016/10/29/microsoft-ignite-nz-2016-what-a-blast/:
   -> linking to #Prologue (resolved as: /2016/10/29/microsoft-ignite-nz-2016-what-a-blast/#Prologue)
   -> linking to #Day_1_Tuesday_25th_October_2016 (resolved as: /2016/10/29/microsoft-ignite-nz-2016-what-a-blast/#Day_1_Tuesday_25th_October_2016)
   -> linking to #Day_2_Wednesday_26th_October_2016 (resolved as: /2016/10/29/microsoft-ignite-nz-2016-what-a-blast/#Day_2_Wednesday_26th_October_2016)
   -> linking to #Day_3_Thursday_27th_October_2016 (resolved as: /2016/10/29/microsoft-ignite-nz-2016-what-a-blast/#Day_3_Thursday_27th_October_2016)
   -> linking to #Day_4_Friday_28th_October_2016 (resolved as: /2016/10/29/microsoft-ignite-nz-2016-what-a-blast/#Day_4_Friday_28th_October_2016)
- Broken anchor on source page path = /2016/12/13/upgrade-mdt-2013-mdt-current-branch/:
   -> linking to #Upgrade_Windows_ADK (resolved as: /2016/12/13/upgrade-mdt-2013-mdt-current-branch/#Upgrade_Windows_ADK)
   -> linking to #Upgrade_MDT (resolved as: /2016/12/13/upgrade-mdt-2013-mdt-current-branch/#Upgrade_MDT)
- Broken anchor on source page path = /page/114/:
   -> linking to #Fixing_this_error_in_Windows_7 (resolved as: /page/114/#Fixing_this_error_in_Windows_7)
   -> linking to #Fixing_this_error_in_Windows_XP (resolved as: /page/114/#Fixing_this_error_in_Windows_XP)
- Broken anchor on source page path = /page/42/:
   -> linking to #Download_Windows_Performance_Toolkit (resolved as: /page/42/#Download_Windows_Performance_Toolkit)
   -> linking to #Run_Windows_Performance_Recorder (resolved as: /page/42/#Run_Windows_Performance_Recorder)
   -> linking to #Run_Windows_Performance_Analyzer (resolved as: /page/42/#Run_Windows_Performance_Analyzer)
   -> linking to #Useful_resources (resolved as: /page/42/#Useful_resources)
- Broken anchor on source page path = /page/43/:
   -> linking to #Upgrade_Windows_ADK (resolved as: /page/43/#Upgrade_Windows_ADK)
   -> linking to #Upgrade_MDT (resolved as: /page/43/#Upgrade_MDT)
   -> linking to #Prologue (resolved as: /page/43/#Prologue)
   -> linking to #Day_1_Tuesday_25th_October_2016 (resolved as: /page/43/#Day_1_Tuesday_25th_October_2016)
   -> linking to #Day_2_Wednesday_26th_October_2016 (resolved as: /page/43/#Day_2_Wednesday_26th_October_2016)
   -> linking to #Day_3_Thursday_27th_October_2016 (resolved as: /page/43/#Day_3_Thursday_27th_October_2016)
   -> linking to #Day_4_Friday_28th_October_2016 (resolved as: /page/43/#Day_4_Friday_28th_October_2016)
   -> linking to #Changing_the_Intel_Network_Drivers_Manually (resolved as: /page/43/#Changing_the_Intel_Network_Drivers_Manually)
   -> linking to #Downloading_Intel_Network_Drivers_8211_NUC5i7RYH_Compatible (resolved as: /page/43/#Downloading_Intel_Network_Drivers_8211_NUC5i7RYH_Compatible)
   -> linking to #Intel_NUC5i7RYH_Hyper-V_2012_R2_ISO (resolved as: /page/43/#Intel_NUC5i7RYH_Hyper-V_2012_R2_ISO)
- Broken anchor on source page path = /page/47/:
   -> linking to #HOW_TO_enableNUMLOCK_ON_STARTUP (resolved as: /page/47/#HOW_TO_enableNUMLOCK_ON_STARTUP)
   -> linking to #How_to_disable_Numlock_on_Startup (resolved as: /page/47/#How_to_disable_Numlock_on_Startup)
- Broken anchor on source page path = /page/49/:
   -> linking to #Magnification (resolved as: /page/49/#Magnification)
   -> linking to #Configuring_Cookie_Policy_for_Internet_Explorer (resolved as: /page/49/#Configuring_Cookie_Policy_for_Internet_Explorer)
   -> linking to #Enabling_JavaScript (resolved as: /page/49/#Enabling_JavaScript)
   -> linking to #Troubleshooting_JavaScript (resolved as: /page/49/#Troubleshooting_JavaScript)
   -> linking to #Setting_Browser_to_Cache_Web_Files (resolved as: /page/49/#Setting_Browser_to_Cache_Web_Files)
   -> linking to #Optimizing_Cache_Settings (resolved as: /page/49/#Optimizing_Cache_Settings)
   -> linking to #Configuring_the_Printer (resolved as: /page/49/#Configuring_the_Printer)
   -> linking to #Configure_Remote_Assistance_in_XenApp (resolved as: /page/49/#Configure_Remote_Assistance_in_XenApp)
   -> linking to #Using_Remote_Assistance_Citrix_AppCenter_to_Remote_Assist_users (resolved as: /page/49/#Using_Remote_Assistance_Citrix_AppCenter_to_Remote_Assist_users)
- Broken anchor on source page path = /tags/misc/page/5/:
   -> linking to #Prologue (resolved as: /tags/misc/page/5/#Prologue)
   -> linking to #Day_1_Tuesday_25th_October_2016 (resolved as: /tags/misc/page/5/#Day_1_Tuesday_25th_October_2016)
   -> linking to #Day_2_Wednesday_26th_October_2016 (resolved as: /tags/misc/page/5/#Day_2_Wednesday_26th_October_2016)
   -> linking to #Day_3_Thursday_27th_October_2016 (resolved as: /tags/misc/page/5/#Day_3_Thursday_27th_October_2016)
   -> linking to #Day_4_Friday_28th_October_2016 (resolved as: /tags/misc/page/5/#Day_4_Friday_28th_October_2016)
   -> linking to #Magnification (resolved as: /tags/misc/page/5/#Magnification)
   -> linking to #Configuring_Cookie_Policy_for_Internet_Explorer (resolved as: /tags/misc/page/5/#Configuring_Cookie_Policy_for_Internet_Explorer)
   -> linking to #Enabling_JavaScript (resolved as: /tags/misc/page/5/#Enabling_JavaScript)
   -> linking to #Troubleshooting_JavaScript (resolved as: /tags/misc/page/5/#Troubleshooting_JavaScript)
   -> linking to #Setting_Browser_to_Cache_Web_Files (resolved as: /tags/misc/page/5/#Setting_Browser_to_Cache_Web_Files)
   -> linking to #Optimizing_Cache_Settings (resolved as: /tags/misc/page/5/#Optimizing_Cache_Settings)
   -> linking to #Configuring_the_Printer (resolved as: /tags/misc/page/5/#Configuring_the_Printer)
- Broken anchor on source page path = /tags/windows/:
   -> linking to #Download_Windows_Performance_Toolkit (resolved as: /tags/windows/#Download_Windows_Performance_Toolkit)
   -> linking to #Run_Windows_Performance_Recorder (resolved as: /tags/windows/#Run_Windows_Performance_Recorder)
   -> linking to #Run_Windows_Performance_Analyzer (resolved as: /tags/windows/#Run_Windows_Performance_Analyzer)
   -> linking to #Useful_resources (resolved as: /tags/windows/#Useful_resources)
- Broken anchor on source page path = /tags/windows/page/2/:
   -> linking to #Upgrade_Windows_ADK (resolved as: /tags/windows/page/2/#Upgrade_Windows_ADK)
   -> linking to #Upgrade_MDT (resolved as: /tags/windows/page/2/#Upgrade_MDT)
   -> linking to #Changing_the_Intel_Network_Drivers_Manually (resolved as: /tags/windows/page/2/#Changing_the_Intel_Network_Drivers_Manually)
   -> linking to #Downloading_Intel_Network_Drivers_8211_NUC5i7RYH_Compatible (resolved as: /tags/windows/page/2/#Downloading_Intel_Network_Drivers_8211_NUC5i7RYH_Compatible)
   -> linking to #Intel_NUC5i7RYH_Hyper-V_2012_R2_ISO (resolved as: /tags/windows/page/2/#Intel_NUC5i7RYH_Hyper-V_2012_R2_ISO)
- Broken anchor on source page path = /tags/windows/page/46/:
   -> linking to #Fixing_this_error_in_Windows_7 (resolved as: /tags/windows/page/46/#Fixing_this_error_in_Windows_7)
   -> linking to #Fixing_this_error_in_Windows_XP (resolved as: /tags/windows/page/46/#Fixing_this_error_in_Windows_XP)
- Broken anchor on source page path = /tags/windows/page/6/:
   -> linking to #HOW_TO_enableNUMLOCK_ON_STARTUP (resolved as: /tags/windows/page/6/#HOW_TO_enableNUMLOCK_ON_STARTUP)
   -> linking to #How_to_disable_Numlock_on_Startup (resolved as: /tags/windows/page/6/#How_to_disable_Numlock_on_Startup)
- Broken anchor on source page path = /tags/windows/page/7/:
   -> linking to #Magnification (resolved as: /tags/windows/page/7/#Magnification)
   -> linking to #Configuring_Cookie_Policy_for_Internet_Explorer (resolved as: /tags/windows/page/7/#Configuring_Cookie_Policy_for_Internet_Explorer)
   -> linking to #Enabling_JavaScript (resolved as: /tags/windows/page/7/#Enabling_JavaScript)
   -> linking to #Troubleshooting_JavaScript (resolved as: /tags/windows/page/7/#Troubleshooting_JavaScript)
   -> linking to #Setting_Browser_to_Cache_Web_Files (resolved as: /tags/windows/page/7/#Setting_Browser_to_Cache_Web_Files)
   -> linking to #Optimizing_Cache_Settings (resolved as: /tags/windows/page/7/#Optimizing_Cache_Settings)
   -> linking to #Configuring_the_Printer (resolved as: /tags/windows/page/7/#Configuring_the_Printer)
   -> linking to #Configure_Remote_Assistance_in_XenApp (resolved as: /tags/windows/page/7/#Configure_Remote_Assistance_in_XenApp)
   -> linking to #Using_Remote_Assistance_Citrix_AppCenter_to_Remote_Assist_users (resolved as: /tags/windows/page/7/#Using_Remote_Assistance_Citrix_AppCenter_to_Remote_Assist_users)
- Broken anchor on source page path = /win/capturing-windows-boot-performance-windows-performance-toolkit/:
   -> linking to #Download_Windows_Performance_Toolkit (resolved as: /win/capturing-windows-boot-performance-windows-performance-toolkit/#Download_Windows_Performance_Toolkit)
   -> linking to #Run_Windows_Performance_Recorder (resolved as: /win/capturing-windows-boot-performance-windows-performance-toolkit/#Run_Windows_Performance_Recorder)
   -> linking to #Run_Windows_Performance_Analyzer (resolved as: /win/capturing-windows-boot-performance-windows-performance-toolkit/#Run_Windows_Performance_Analyzer)
   -> linking to #Useful_resources (resolved as: /win/capturing-windows-boot-performance-windows-performance-toolkit/#Useful_resources)

[SUCCESS] Generated static files in "build".
[INFO] Use `npm run serve` command to test your build locally.
